Archive member included to satisfy reference by file (symbol)

/usr/bin/../lib/gcc/arm-none-eabi/7.3.1/../../../../arm-none-eabi/lib/thumb/v7-m/libg.a(lib_a-errno.o)
                              ./Src/syscalls.o (__errno)
/usr/bin/../lib/gcc/arm-none-eabi/7.3.1/../../../../arm-none-eabi/lib/thumb/v7-m/libg.a(lib_a-exit.o)
                              /usr/bin/../lib/gcc/arm-none-eabi/7.3.1/../../../../arm-none-eabi/lib/thumb/v7-m/crt0.o (exit)
/usr/bin/../lib/gcc/arm-none-eabi/7.3.1/../../../../arm-none-eabi/lib/thumb/v7-m/libg.a(lib_a-impure.o)
                              /usr/bin/../lib/gcc/arm-none-eabi/7.3.1/../../../../arm-none-eabi/lib/thumb/v7-m/libg.a(lib_a-exit.o) (_global_impure_ptr)
/usr/bin/../lib/gcc/arm-none-eabi/7.3.1/../../../../arm-none-eabi/lib/thumb/v7-m/libg.a(lib_a-init.o)
                              /usr/bin/../lib/gcc/arm-none-eabi/7.3.1/../../../../arm-none-eabi/lib/thumb/v7-m/crt0.o (__libc_init_array)
/usr/bin/../lib/gcc/arm-none-eabi/7.3.1/../../../../arm-none-eabi/lib/thumb/v7-m/libg.a(lib_a-memset.o)
                              /usr/bin/../lib/gcc/arm-none-eabi/7.3.1/../../../../arm-none-eabi/lib/thumb/v7-m/crt0.o (memset)
/usr/bin/../lib/gcc/arm-none-eabi/7.3.1/../../../../arm-none-eabi/lib/thumb/v7-m/libg.a(lib_a-__call_atexit.o)
                              /usr/bin/../lib/gcc/arm-none-eabi/7.3.1/../../../../arm-none-eabi/lib/thumb/v7-m/libg.a(lib_a-exit.o) (__call_exitprocs)
/usr/bin/../lib/gcc/arm-none-eabi/7.3.1/../../../../arm-none-eabi/lib/thumb/v7-m/libg.a(lib_a-atexit.o)
                              /usr/bin/../lib/gcc/arm-none-eabi/7.3.1/../../../../arm-none-eabi/lib/thumb/v7-m/libg.a(lib_a-__call_atexit.o) (atexit)
/usr/bin/../lib/gcc/arm-none-eabi/7.3.1/../../../../arm-none-eabi/lib/thumb/v7-m/libg.a(lib_a-fini.o)
                              /usr/bin/../lib/gcc/arm-none-eabi/7.3.1/../../../../arm-none-eabi/lib/thumb/v7-m/libg.a(lib_a-__call_atexit.o) (__libc_fini_array)
/usr/bin/../lib/gcc/arm-none-eabi/7.3.1/../../../../arm-none-eabi/lib/thumb/v7-m/libg.a(lib_a-lock.o)
                              /usr/bin/../lib/gcc/arm-none-eabi/7.3.1/../../../../arm-none-eabi/lib/thumb/v7-m/libg.a(lib_a-__call_atexit.o) (__retarget_lock_acquire_recursive)
/usr/bin/../lib/gcc/arm-none-eabi/7.3.1/../../../../arm-none-eabi/lib/thumb/v7-m/libg.a(lib_a-__atexit.o)
                              /usr/bin/../lib/gcc/arm-none-eabi/7.3.1/../../../../arm-none-eabi/lib/thumb/v7-m/libg.a(lib_a-atexit.o) (__register_exitproc)

Allocating common symbols
Common symbol       size              file

hUsbDeviceFS        0x2c4             ./Src/usb_device.o
__lock___atexit_recursive_mutex
                    0x1               /usr/bin/../lib/gcc/arm-none-eabi/7.3.1/../../../../arm-none-eabi/lib/thumb/v7-m/libg.a(lib_a-lock.o)
__lock___arc4random_mutex
                    0x1               /usr/bin/../lib/gcc/arm-none-eabi/7.3.1/../../../../arm-none-eabi/lib/thumb/v7-m/libg.a(lib_a-lock.o)
hi2c1               0x54              ./Src/main.o
uwTick              0x4               ./Drivers/STM32F1xx_HAL_Driver/Src/stm32f1xx_hal.o
pFlash              0x20              ./Drivers/STM32F1xx_HAL_Driver/Src/stm32f1xx_hal_flash.o
__lock___env_recursive_mutex
                    0x1               /usr/bin/../lib/gcc/arm-none-eabi/7.3.1/../../../../arm-none-eabi/lib/thumb/v7-m/libg.a(lib_a-lock.o)
__lock___sinit_recursive_mutex
                    0x1               /usr/bin/../lib/gcc/arm-none-eabi/7.3.1/../../../../arm-none-eabi/lib/thumb/v7-m/libg.a(lib_a-lock.o)
UserRxBufferFS      0x3e8             ./Src/usbd_cdc_if.o
__lock___malloc_recursive_mutex
                    0x1               /usr/bin/../lib/gcc/arm-none-eabi/7.3.1/../../../../arm-none-eabi/lib/thumb/v7-m/libg.a(lib_a-lock.o)
huart1              0x40              ./Src/main.o
UserTxBufferFS      0x3e8             ./Src/usbd_cdc_if.o
hspi1               0x58              ./Src/main.o
huart2              0x40              ./Src/main.o
__lock___at_quick_exit_mutex
                    0x1               /usr/bin/../lib/gcc/arm-none-eabi/7.3.1/../../../../arm-none-eabi/lib/thumb/v7-m/libg.a(lib_a-lock.o)
hpcd_USB_FS         0x26c             ./Src/usbd_conf.o
USBD_StrDesc        0x200             ./Src/usbd_desc.o
__lock___dd_hash_mutex
                    0x1               /usr/bin/../lib/gcc/arm-none-eabi/7.3.1/../../../../arm-none-eabi/lib/thumb/v7-m/libg.a(lib_a-lock.o)
__lock___tz_mutex   0x1               /usr/bin/../lib/gcc/arm-none-eabi/7.3.1/../../../../arm-none-eabi/lib/thumb/v7-m/libg.a(lib_a-lock.o)
__lock___sfp_recursive_mutex
                    0x1               /usr/bin/../lib/gcc/arm-none-eabi/7.3.1/../../../../arm-none-eabi/lib/thumb/v7-m/libg.a(lib_a-lock.o)

Discarded input sections

 .text          0x0000000000000000        0x0 /usr/bin/../lib/gcc/arm-none-eabi/7.3.1/thumb/v7-m/crti.o
 .data          0x0000000000000000        0x0 /usr/bin/../lib/gcc/arm-none-eabi/7.3.1/thumb/v7-m/crti.o
[...]
Memory Configuration

Name             Origin             Length             Attributes
RAM              0x0000000020000000 0x0000000000005000 xrw
FLASH            0x0000000008000000 0x0000000000010000 xr
*default*        0x0000000000000000 0xffffffffffffffff

Linker script and memory map

LOAD /usr/bin/../lib/gcc/arm-none-eabi/7.3.1/thumb/v7-m/crti.o
LOAD /usr/bin/../lib/gcc/arm-none-eabi/7.3.1/thumb/v7-m/crtbegin.o
LOAD /usr/bin/../lib/gcc/arm-none-eabi/7.3.1/../../../../arm-none-eabi/lib/thumb/v7-m/crt0.o
LOAD ./Startup/startup_stm32f103c8tx.o
LOAD ./Src/main.o
LOAD ./Src/stm32f1xx_hal_msp.o
LOAD ./Src/stm32f1xx_it.o
LOAD ./Src/syscalls.o
LOAD ./Src/sysmem.o
LOAD ./Src/system_stm32f1xx.o
LOAD ./Src/usb_device.o
LOAD ./Src/usbd_cdc_if.o
LOAD ./Src/usbd_conf.o
LOAD ./Src/usbd_desc.o
LOAD ./Middlewares/ST/STM32_USB_Device_Library/Core/Src/usbd_core.o
LOAD ./Middlewares/ST/STM32_USB_Device_Library/Core/Src/usbd_ctlreq.o
LOAD ./Middlewares/ST/STM32_USB_Device_Library/Core/Src/usbd_ioreq.o
LOAD ./Middlewares/ST/STM32_USB_Device_Library/Class/CDC/Src/usbd_cdc.o
LOAD ./Drivers/STM32F1xx_HAL_Driver/Src/stm32f1xx_hal.o
LOAD ./Drivers/STM32F1xx_HAL_Driver/Src/stm32f1xx_hal_cortex.o
LOAD ./Drivers/STM32F1xx_HAL_Driver/Src/stm32f1xx_hal_dma.o
LOAD ./Drivers/STM32F1xx_HAL_Driver/Src/stm32f1xx_hal_exti.o
LOAD ./Drivers/STM32F1xx_HAL_Driver/Src/stm32f1xx_hal_flash.o
LOAD ./Drivers/STM32F1xx_HAL_Driver/Src/stm32f1xx_hal_flash_ex.o
LOAD ./Drivers/STM32F1xx_HAL_Driver/Src/stm32f1xx_hal_gpio.o
LOAD ./Drivers/STM32F1xx_HAL_Driver/Src/stm32f1xx_hal_gpio_ex.o
LOAD ./Drivers/STM32F1xx_HAL_Driver/Src/stm32f1xx_hal_i2c.o
LOAD ./Drivers/STM32F1xx_HAL_Driver/Src/stm32f1xx_hal_pcd.o
LOAD ./Drivers/STM32F1xx_HAL_Driver/Src/stm32f1xx_hal_pcd_ex.o
LOAD ./Drivers/STM32F1xx_HAL_Driver/Src/stm32f1xx_hal_pwr.o
LOAD ./Drivers/STM32F1xx_HAL_Driver/Src/stm32f1xx_hal_rcc.o
LOAD ./Drivers/STM32F1xx_HAL_Driver/Src/stm32f1xx_hal_rcc_ex.o
LOAD ./Drivers/STM32F1xx_HAL_Driver/Src/stm32f1xx_hal_spi.o
LOAD ./Drivers/STM32F1xx_HAL_Driver/Src/stm32f1xx_hal_tim.o
LOAD ./Drivers/STM32F1xx_HAL_Driver/Src/stm32f1xx_hal_tim_ex.o
LOAD ./Drivers/STM32F1xx_HAL_Driver/Src/stm32f1xx_hal_uart.o
LOAD ./Drivers/STM32F1xx_HAL_Driver/Src/stm32f1xx_ll_usb.o
LOAD /usr/bin/../lib/gcc/arm-none-eabi/7.3.1/../../../../arm-none-eabi/lib/thumb/v7-m/libstdc++.a
LOAD /usr/bin/../lib/gcc/arm-none-eabi/7.3.1/../../../../arm-none-eabi/lib/thumb/v7-m/libm.a
START GROUP
LOAD /usr/bin/../lib/gcc/arm-none-eabi/7.3.1/thumb/v7-m/libgcc.a
LOAD /usr/bin/../lib/gcc/arm-none-eabi/7.3.1/../../../../arm-none-eabi/lib/thumb/v7-m/libg.a
LOAD /usr/bin/../lib/gcc/arm-none-eabi/7.3.1/../../../../arm-none-eabi/lib/thumb/v7-m/libc.a
END GROUP
LOAD /usr/bin/../lib/gcc/arm-none-eabi/7.3.1/thumb/v7-m/crtend.o
LOAD /usr/bin/../lib/gcc/arm-none-eabi/7.3.1/thumb/v7-m/crtn.o
                0x0000000020005000                _estack = (ORIGIN (RAM) + LENGTH (RAM))
                0x0000000000000200                _Min_Heap_Size = 0x200
                0x0000000000000400                _Min_Stack_Size = 0x400

.isr_vector     0x0000000008000000      0x10c
                0x0000000008000000                . = ALIGN (0x4)
 *(.isr_vector)
 .isr_vector    0x0000000008000000      0x10c ./Startup/startup_stm32f103c8tx.o
                0x0000000008000000                g_pfnVectors
                0x000000000800010c                . = ALIGN (0x4)

.text           0x000000000800010c     0x5cd4
                0x000000000800010c                . = ALIGN (0x4)
 *(.text)
 .text          0x000000000800010c       0x40 /usr/bin/../lib/gcc/arm-none-eabi/7.3.1/thumb/v7-m/crtbegin.o
 *(.text*)
 .text.Reset_Handler
                0x000000000800014c       0x48 ./Startup/startup_stm32f103c8tx.o
                0x000000000800014c                Reset_Handler
 .text.Default_Handler
                0x0000000008000194        0x2 ./Startup/startup_stm32f103c8tx.o
                0x0000000008000194                RTC_Alarm_IRQHandler
                0x0000000008000194                EXTI2_IRQHandler
                0x0000000008000194                TIM1_CC_IRQHandler
                0x0000000008000194                PVD_IRQHandler
                0x0000000008000194                EXTI3_IRQHandler
                0x0000000008000194                EXTI0_IRQHandler
                0x0000000008000194                I2C2_EV_IRQHandler
                0x0000000008000194                ADC1_2_IRQHandler
                0x0000000008000194                SPI1_IRQHandler
                0x0000000008000194                TAMPER_IRQHandler
                0x0000000008000194                DMA1_Channel4_IRQHandler
                0x0000000008000194                USART3_IRQHandler
                0x0000000008000194                RTC_IRQHandler
                0x0000000008000194                DMA1_Channel7_IRQHandler
                0x0000000008000194                CAN1_RX1_IRQHandler
                0x0000000008000194                TIM4_IRQHandler
                0x0000000008000194                I2C1_EV_IRQHandler
                0x0000000008000194                DMA1_Channel6_IRQHandler
                0x0000000008000194                TIM3_IRQHandler
                0x0000000008000194                RCC_IRQHandler
                0x0000000008000194                TIM1_TRG_COM_IRQHandler
                0x0000000008000194                DMA1_Channel1_IRQHandler
                0x0000000008000194                Default_Handler
                0x0000000008000194                EXTI15_10_IRQHandler
                0x0000000008000194                EXTI9_5_IRQHandler
                0x0000000008000194                SPI2_IRQHandler
                0x0000000008000194                DMA1_Channel5_IRQHandler
                0x0000000008000194                EXTI4_IRQHandler
                0x0000000008000194                USB_HP_CAN1_TX_IRQHandler
                0x0000000008000194                DMA1_Channel3_IRQHandler
                0x0000000008000194                TIM1_UP_IRQHandler
                0x0000000008000194                WWDG_IRQHandler
                0x0000000008000194                TIM2_IRQHandler
                0x0000000008000194                TIM1_BRK_IRQHandler
                0x0000000008000194                EXTI1_IRQHandler
                0x0000000008000194                USART2_IRQHandler
                0x0000000008000194                I2C2_ER_IRQHandler
                0x0000000008000194                DMA1_Channel2_IRQHandler
                0x0000000008000194                CAN1_SCE_IRQHandler
                0x0000000008000194                FLASH_IRQHandler
                0x0000000008000194                USART1_IRQHandler
                0x0000000008000194                I2C1_ER_IRQHandler
                0x0000000008000194                USBWakeUp_IRQHandler
 .text.main     0x0000000008000196       0x26 ./Src/main.o
                0x0000000008000196                main
 .text.SystemClock_Config
                0x00000000080001bc       0xb4 ./Src/main.o
                0x00000000080001bc                SystemClock_Config
 .text.MX_I2C1_Init
                0x0000000008000270       0x5c ./Src/main.o
 .text.MX_SPI1_Init
                0x00000000080002cc       0x6c ./Src/main.o
 .text.MX_USART1_UART_Init
                0x0000000008000338       0x54 ./Src/main.o
 .text.MX_USART2_UART_Init
                0x000000000800038c       0x54 ./Src/main.o
 .text.MX_GPIO_Init
                0x00000000080003e0       0x5c ./Src/main.o
 .text.Error_Handler
                0x000000000800043c        0xc ./Src/main.o
                0x000000000800043c                Error_Handler
 .text.HAL_MspInit
                0x0000000008000448       0x64 ./Src/stm32f1xx_hal_msp.o
                0x0000000008000448                HAL_MspInit
 .text.HAL_I2C_MspInit
                0x00000000080004ac       0x7c ./Src/stm32f1xx_hal_msp.o
                0x00000000080004ac                HAL_I2C_MspInit
 .text.HAL_SPI_MspInit
                0x0000000008000528       0x94 ./Src/stm32f1xx_hal_msp.o
                0x0000000008000528                HAL_SPI_MspInit
 .text.HAL_UART_MspInit
                0x00000000080005bc      0x108 ./Src/stm32f1xx_hal_msp.o
                0x00000000080005bc                HAL_UART_MspInit
 .text.NMI_Handler
                0x00000000080006c4        0xc ./Src/stm32f1xx_it.o
                0x00000000080006c4                NMI_Handler
 .text.HardFault_Handler
                0x00000000080006d0        0x6 ./Src/stm32f1xx_it.o
                0x00000000080006d0                HardFault_Handler
 .text.MemManage_Handler
                0x00000000080006d6        0x6 ./Src/stm32f1xx_it.o
                0x00000000080006d6                MemManage_Handler
 .text.BusFault_Handler
                0x00000000080006dc        0x6 ./Src/stm32f1xx_it.o
                0x00000000080006dc                BusFault_Handler
 .text.UsageFault_Handler
                0x00000000080006e2        0x6 ./Src/stm32f1xx_it.o
                0x00000000080006e2                UsageFault_Handler
 .text.SVC_Handler
                0x00000000080006e8        0xc ./Src/stm32f1xx_it.o
                0x00000000080006e8                SVC_Handler
 .text.DebugMon_Handler
                0x00000000080006f4        0xc ./Src/stm32f1xx_it.o
                0x00000000080006f4                DebugMon_Handler
 .text.PendSV_Handler
                0x0000000008000700        0xc ./Src/stm32f1xx_it.o
                0x0000000008000700                PendSV_Handler
 .text.SysTick_Handler
                0x000000000800070c        0xc ./Src/stm32f1xx_it.o
                0x000000000800070c                SysTick_Handler
 .text.USB_LP_CAN1_RX0_IRQHandler
                0x0000000008000718       0x14 ./Src/stm32f1xx_it.o
                0x0000000008000718                USB_LP_CAN1_RX0_IRQHandler
 .text.SystemInit
                0x000000000800072c       0x68 ./Src/system_stm32f1xx.o
                0x000000000800072c                SystemInit
 .text.MX_USB_DEVICE_Init
                0x0000000008000794       0x60 ./Src/usb_device.o
                0x0000000008000794                MX_USB_DEVICE_Init
 .text.CDC_Init_FS
                0x00000000080007f4       0x28 ./Src/usbd_cdc_if.o
 .text.CDC_DeInit_FS
                0x000000000800081c        0xe ./Src/usbd_cdc_if.o
 *fill*         0x000000000800082a        0x2 
 .text.CDC_Control_FS
                0x000000000800082c       0xbc ./Src/usbd_cdc_if.o
 .text.CDC_Receive_FS
                0x00000000080008e8       0x28 ./Src/usbd_cdc_if.o
 .text.HAL_PCD_MspInit
                0x0000000008000910       0x4c ./Src/usbd_conf.o
                0x0000000008000910                HAL_PCD_MspInit
 .text.HAL_PCD_SetupStageCallback
                0x000000000800095c       0x24 ./Src/usbd_conf.o
                0x000000000800095c                HAL_PCD_SetupStageCallback
 .text.HAL_PCD_DataOutStageCallback
                0x0000000008000980       0x30 ./Src/usbd_conf.o
                0x0000000008000980                HAL_PCD_DataOutStageCallback
 .text.HAL_PCD_DataInStageCallback
                0x00000000080009b0       0x2e ./Src/usbd_conf.o
                0x00000000080009b0                HAL_PCD_DataInStageCallback
 .text.HAL_PCD_SOFCallback
                0x00000000080009de       0x1c ./Src/usbd_conf.o
                0x00000000080009de                HAL_PCD_SOFCallback
 .text.HAL_PCD_ResetCallback
                0x00000000080009fa       0x3c ./Src/usbd_conf.o
                0x00000000080009fa                HAL_PCD_ResetCallback
 *fill*         0x0000000008000a36        0x2 
 .text.HAL_PCD_SuspendCallback
                0x0000000008000a38       0x34 ./Src/usbd_conf.o
                0x0000000008000a38                HAL_PCD_SuspendCallback
 .text.HAL_PCD_ResumeCallback
                0x0000000008000a6c       0x1c ./Src/usbd_conf.o
                0x0000000008000a6c                HAL_PCD_ResumeCallback
 .text.USBD_LL_Init
                0x0000000008000a88       0xb4 ./Src/usbd_conf.o
                0x0000000008000a88                USBD_LL_Init
 .text.USBD_LL_Start
                0x0000000008000b3c       0x36 ./Src/usbd_conf.o
                0x0000000008000b3c                USBD_LL_Start
 .text.USBD_LL_OpenEP
                0x0000000008000b72       0x4c ./Src/usbd_conf.o
                0x0000000008000b72                USBD_LL_OpenEP
 .text.USBD_LL_CloseEP
                0x0000000008000bbe       0x3e ./Src/usbd_conf.o
                0x0000000008000bbe                USBD_LL_CloseEP
 .text.USBD_LL_StallEP
                0x0000000008000bfc       0x3e ./Src/usbd_conf.o
                0x0000000008000bfc                USBD_LL_StallEP
 .text.USBD_LL_ClearStallEP
                0x0000000008000c3a       0x3e ./Src/usbd_conf.o
                0x0000000008000c3a                USBD_LL_ClearStallEP
 .text.USBD_LL_IsStallEP
                0x0000000008000c78       0x4a ./Src/usbd_conf.o
                0x0000000008000c78                USBD_LL_IsStallEP
 .text.USBD_LL_SetUSBAddress
                0x0000000008000cc2       0x3e ./Src/usbd_conf.o
                0x0000000008000cc2                USBD_LL_SetUSBAddress
 .text.USBD_LL_Transmit
                0x0000000008000d00       0x46 ./Src/usbd_conf.o
                0x0000000008000d00                USBD_LL_Transmit
 .text.USBD_LL_PrepareReceive
                0x0000000008000d46       0x46 ./Src/usbd_conf.o
                0x0000000008000d46                USBD_LL_PrepareReceive
 .text.USBD_LL_GetRxDataSize
                0x0000000008000d8c       0x26 ./Src/usbd_conf.o
                0x0000000008000d8c                USBD_LL_GetRxDataSize
 *fill*         0x0000000008000db2        0x2 
 .text.USBD_static_malloc
                0x0000000008000db4       0x18 ./Src/usbd_conf.o
                0x0000000008000db4                USBD_static_malloc
 .text.USBD_static_free
                0x0000000008000dcc       0x12 ./Src/usbd_conf.o
                0x0000000008000dcc                USBD_static_free
 .text.HAL_PCDEx_SetConnectionState
                0x0000000008000dde       0x16 ./Src/usbd_conf.o
                0x0000000008000dde                HAL_PCDEx_SetConnectionState
 .text.USBD_Get_USB_Status
                0x0000000008000df4       0x58 ./Src/usbd_conf.o
 .text.USBD_FS_DeviceDescriptor
                0x0000000008000e4c       0x24 ./Src/usbd_desc.o
                0x0000000008000e4c                USBD_FS_DeviceDescriptor
 .text.USBD_FS_LangIDStrDescriptor
                0x0000000008000e70       0x24 ./Src/usbd_desc.o
                0x0000000008000e70                USBD_FS_LangIDStrDescriptor
 .text.USBD_FS_ProductStrDescriptor
                0x0000000008000e94       0x3c ./Src/usbd_desc.o
                0x0000000008000e94                USBD_FS_ProductStrDescriptor
 .text.USBD_FS_ManufacturerStrDescriptor
                0x0000000008000ed0       0x28 ./Src/usbd_desc.o
                0x0000000008000ed0                USBD_FS_ManufacturerStrDescriptor
 .text.USBD_FS_SerialStrDescriptor
                0x0000000008000ef8       0x24 ./Src/usbd_desc.o
                0x0000000008000ef8                USBD_FS_SerialStrDescriptor
 .text.USBD_FS_ConfigStrDescriptor
                0x0000000008000f1c       0x3c ./Src/usbd_desc.o
                0x0000000008000f1c                USBD_FS_ConfigStrDescriptor
 .text.USBD_FS_InterfaceStrDescriptor
                0x0000000008000f58       0x3c ./Src/usbd_desc.o
                0x0000000008000f58                USBD_FS_InterfaceStrDescriptor
 .text.Get_SerialNum
                0x0000000008000f94       0x58 ./Src/usbd_desc.o
 .text.IntToUnicode
                0x0000000008000fec       0x7a ./Src/usbd_desc.o
 .text.USBD_Init
                0x0000000008001066       0x56 ./Middlewares/ST/STM32_USB_Device_Library/Core/Src/usbd_core.o
                0x0000000008001066                USBD_Init
 .text.USBD_RegisterClass
                0x00000000080010bc       0x32 ./Middlewares/ST/STM32_USB_Device_Library/Core/Src/usbd_core.o
                0x00000000080010bc                USBD_RegisterClass
 .text.USBD_Start
                0x00000000080010ee       0x18 ./Middlewares/ST/STM32_USB_Device_Library/Core/Src/usbd_core.o
                0x00000000080010ee                USBD_Start
 .text.USBD_RunTestMode
                0x0000000008001106       0x14 ./Middlewares/ST/STM32_USB_Device_Library/Core/Src/usbd_core.o
                0x0000000008001106                USBD_RunTestMode
 .text.USBD_SetClassConfig
                0x000000000800111a       0x3e ./Middlewares/ST/STM32_USB_Device_Library/Core/Src/usbd_core.o
                0x000000000800111a                USBD_SetClassConfig
 .text.USBD_ClrClassConfig
                0x0000000008001158       0x26 ./Middlewares/ST/STM32_USB_Device_Library/Core/Src/usbd_core.o
                0x0000000008001158                USBD_ClrClassConfig
 .text.USBD_LL_SetupStage
                0x000000000800117e       0x96 ./Middlewares/ST/STM32_USB_Device_Library/Core/Src/usbd_core.o
                0x000000000800117e                USBD_LL_SetupStage
 .text.USBD_LL_DataOutStage
                0x0000000008001214       0xe2 ./Middlewares/ST/STM32_USB_Device_Library/Core/Src/usbd_core.o
                0x0000000008001214                USBD_LL_DataOutStage
 .text.USBD_LL_DataInStage
                0x00000000080012f6      0x14a ./Middlewares/ST/STM32_USB_Device_Library/Core/Src/usbd_core.o
                0x00000000080012f6                USBD_LL_DataInStage
 .text.USBD_LL_Reset
                0x0000000008001440       0x82 ./Middlewares/ST/STM32_USB_Device_Library/Core/Src/usbd_core.o
                0x0000000008001440                USBD_LL_Reset
 .text.USBD_LL_SetSpeed
                0x00000000080014c2       0x1e ./Middlewares/ST/STM32_USB_Device_Library/Core/Src/usbd_core.o
                0x00000000080014c2                USBD_LL_SetSpeed
 .text.USBD_LL_Suspend
                0x00000000080014e0       0x28 ./Middlewares/ST/STM32_USB_Device_Library/Core/Src/usbd_core.o
                0x00000000080014e0                USBD_LL_Suspend
 .text.USBD_LL_Resume
                0x0000000008001508       0x2a ./Middlewares/ST/STM32_USB_Device_Library/Core/Src/usbd_core.o
                0x0000000008001508                USBD_LL_Resume
 .text.USBD_LL_SOF
                0x0000000008001532       0x34 ./Middlewares/ST/STM32_USB_Device_Library/Core/Src/usbd_core.o
                0x0000000008001532                USBD_LL_SOF
 *fill*         0x0000000008001566        0x2 
 .text.USBD_StdDevReq
                0x0000000008001568       0xd4 ./Middlewares/ST/STM32_USB_Device_Library/Core/Src/usbd_ctlreq.o
                0x0000000008001568                USBD_StdDevReq
 .text.USBD_StdItfReq
                0x000000000800163c       0x8c ./Middlewares/ST/STM32_USB_Device_Library/Core/Src/usbd_ctlreq.o
                0x000000000800163c                USBD_StdItfReq
 .text.USBD_StdEPReq
                0x00000000080016c8      0x2ba ./Middlewares/ST/STM32_USB_Device_Library/Core/Src/usbd_ctlreq.o
                0x00000000080016c8                USBD_StdEPReq
 *fill*         0x0000000008001982        0x2 
 .text.USBD_GetDescriptor
                0x0000000008001984      0x2d0 ./Middlewares/ST/STM32_USB_Device_Library/Core/Src/usbd_ctlreq.o
 .text.USBD_SetAddress
                0x0000000008001c54       0x84 ./Middlewares/ST/STM32_USB_Device_Library/Core/Src/usbd_ctlreq.o
 .text.USBD_SetConfig
                0x0000000008001cd8      0x11c ./Middlewares/ST/STM32_USB_Device_Library/Core/Src/usbd_ctlreq.o
 .text.USBD_GetConfig
                0x0000000008001df4       0x68 ./Middlewares/ST/STM32_USB_Device_Library/Core/Src/usbd_ctlreq.o
 .text.USBD_GetStatus
                0x0000000008001e5c       0x66 ./Middlewares/ST/STM32_USB_Device_Library/Core/Src/usbd_ctlreq.o
 .text.USBD_SetFeature
                0x0000000008001ec2       0x28 ./Middlewares/ST/STM32_USB_Device_Library/Core/Src/usbd_ctlreq.o
 .text.USBD_ClrFeature
                0x0000000008001eea       0x42 ./Middlewares/ST/STM32_USB_Device_Library/Core/Src/usbd_ctlreq.o
 .text.USBD_ParseSetupRequest
                0x0000000008001f2c       0x78 ./Middlewares/ST/STM32_USB_Device_Library/Core/Src/usbd_ctlreq.o
                0x0000000008001f2c                USBD_ParseSetupRequest
 .text.USBD_CtlError
                0x0000000008001fa4       0x22 ./Middlewares/ST/STM32_USB_Device_Library/Core/Src/usbd_ctlreq.o
                0x0000000008001fa4                USBD_CtlError
 .text.USBD_GetString
                0x0000000008001fc6       0x84 ./Middlewares/ST/STM32_USB_Device_Library/Core/Src/usbd_ctlreq.o
                0x0000000008001fc6                USBD_GetString
 .text.USBD_GetLen
                0x000000000800204a       0x2e ./Middlewares/ST/STM32_USB_Device_Library/Core/Src/usbd_ctlreq.o
 .text.USBD_CtlSendData
                0x0000000008002078       0x38 ./Middlewares/ST/STM32_USB_Device_Library/Core/Src/usbd_ioreq.o
                0x0000000008002078                USBD_CtlSendData
 .text.USBD_CtlContinueSendData
                0x00000000080020b0       0x24 ./Middlewares/ST/STM32_USB_Device_Library/Core/Src/usbd_ioreq.o
                0x00000000080020b0                USBD_CtlContinueSendData
 .text.USBD_CtlPrepareRx
                0x00000000080020d4       0x3c ./Middlewares/ST/STM32_USB_Device_Library/Core/Src/usbd_ioreq.o
                0x00000000080020d4                USBD_CtlPrepareRx
 .text.USBD_CtlContinueRx
                0x0000000008002110       0x24 ./Middlewares/ST/STM32_USB_Device_Library/Core/Src/usbd_ioreq.o
                0x0000000008002110                USBD_CtlContinueRx
 .text.USBD_CtlSendStatus
                0x0000000008002134       0x26 ./Middlewares/ST/STM32_USB_Device_Library/Core/Src/usbd_ioreq.o
                0x0000000008002134                USBD_CtlSendStatus
 .text.USBD_CtlReceiveStatus
                0x000000000800215a       0x26 ./Middlewares/ST/STM32_USB_Device_Library/Core/Src/usbd_ioreq.o
                0x000000000800215a                USBD_CtlReceiveStatus
 .text.USBD_CDC_Init
                0x0000000008002180       0xf4 ./Middlewares/ST/STM32_USB_Device_Library/Class/CDC/Src/usbd_cdc.o
 .text.USBD_CDC_DeInit
                0x0000000008002274       0x6e ./Middlewares/ST/STM32_USB_Device_Library/Class/CDC/Src/usbd_cdc.o
 .text.USBD_CDC_Setup
                0x00000000080022e2      0x140 ./Middlewares/ST/STM32_USB_Device_Library/Class/CDC/Src/usbd_cdc.o
 .text.USBD_CDC_DataIn
                0x0000000008002422       0xa0 ./Middlewares/ST/STM32_USB_Device_Library/Class/CDC/Src/usbd_cdc.o
 .text.USBD_CDC_DataOut
                0x00000000080024c2       0x56 ./Middlewares/ST/STM32_USB_Device_Library/Class/CDC/Src/usbd_cdc.o
 .text.USBD_CDC_EP0_RxReady
                0x0000000008002518       0x50 ./Middlewares/ST/STM32_USB_Device_Library/Class/CDC/Src/usbd_cdc.o
 .text.USBD_CDC_GetFSCfgDesc
                0x0000000008002568       0x20 ./Middlewares/ST/STM32_USB_Device_Library/Class/CDC/Src/usbd_cdc.o
 .text.USBD_CDC_GetHSCfgDesc
                0x0000000008002588       0x20 ./Middlewares/ST/STM32_USB_Device_Library/Class/CDC/Src/usbd_cdc.o
 .text.USBD_CDC_GetOtherSpeedCfgDesc
                0x00000000080025a8       0x20 ./Middlewares/ST/STM32_USB_Device_Library/Class/CDC/Src/usbd_cdc.o
 .text.USBD_CDC_GetDeviceQualifierDescriptor
                0x00000000080025c8       0x20 ./Middlewares/ST/STM32_USB_Device_Library/Class/CDC/Src/usbd_cdc.o
                0x00000000080025c8                USBD_CDC_GetDeviceQualifierDescriptor
 .text.USBD_CDC_RegisterInterface
                0x00000000080025e8       0x2c ./Middlewares/ST/STM32_USB_Device_Library/Class/CDC/Src/usbd_cdc.o
                0x00000000080025e8                USBD_CDC_RegisterInterface
 .text.USBD_CDC_SetTxBuffer
                0x0000000008002614       0x32 ./Middlewares/ST/STM32_USB_Device_Library/Class/CDC/Src/usbd_cdc.o
                0x0000000008002614                USBD_CDC_SetTxBuffer
 .text.USBD_CDC_SetRxBuffer
                0x0000000008002646       0x26 ./Middlewares/ST/STM32_USB_Device_Library/Class/CDC/Src/usbd_cdc.o
                0x0000000008002646                USBD_CDC_SetRxBuffer
 .text.USBD_CDC_ReceivePacket
                0x000000000800266c       0x54 ./Middlewares/ST/STM32_USB_Device_Library/Class/CDC/Src/usbd_cdc.o
                0x000000000800266c                USBD_CDC_ReceivePacket
 .text.HAL_Init
                0x00000000080026c0       0x2c ./Drivers/STM32F1xx_HAL_Driver/Src/stm32f1xx_hal.o
                0x00000000080026c0                HAL_Init
 .text.HAL_InitTick
                0x00000000080026ec       0x60 ./Drivers/STM32F1xx_HAL_Driver/Src/stm32f1xx_hal.o
                0x00000000080026ec                HAL_InitTick
 .text.HAL_IncTick
                0x000000000800274c       0x24 ./Drivers/STM32F1xx_HAL_Driver/Src/stm32f1xx_hal.o
                0x000000000800274c                HAL_IncTick
 .text.HAL_GetTick
                0x0000000008002770       0x14 ./Drivers/STM32F1xx_HAL_Driver/Src/stm32f1xx_hal.o
                0x0000000008002770                HAL_GetTick
 .text.__NVIC_SetPriorityGrouping
                0x0000000008002784       0x48 ./Drivers/STM32F1xx_HAL_Driver/Src/stm32f1xx_hal_cortex.o
 .text.__NVIC_GetPriorityGrouping
                0x00000000080027cc       0x1c ./Drivers/STM32F1xx_HAL_Driver/Src/stm32f1xx_hal_cortex.o
 .text.__NVIC_EnableIRQ
                0x00000000080027e8       0x38 ./Drivers/STM32F1xx_HAL_Driver/Src/stm32f1xx_hal_cortex.o
 .text.__NVIC_SetPriority
                0x0000000008002820       0x54 ./Drivers/STM32F1xx_HAL_Driver/Src/stm32f1xx_hal_cortex.o
 .text.NVIC_EncodePriority
                0x0000000008002874       0x64 ./Drivers/STM32F1xx_HAL_Driver/Src/stm32f1xx_hal_cortex.o
 .text.SysTick_Config
                0x00000000080028d8       0x44 ./Drivers/STM32F1xx_HAL_Driver/Src/stm32f1xx_hal_cortex.o
 .text.HAL_NVIC_SetPriorityGrouping
                0x000000000800291c       0x16 ./Drivers/STM32F1xx_HAL_Driver/Src/stm32f1xx_hal_cortex.o
                0x000000000800291c                HAL_NVIC_SetPriorityGrouping
 .text.HAL_NVIC_SetPriority
                0x0000000008002932       0x38 ./Drivers/STM32F1xx_HAL_Driver/Src/stm32f1xx_hal_cortex.o
                0x0000000008002932                HAL_NVIC_SetPriority
 .text.HAL_NVIC_EnableIRQ
                0x000000000800296a       0x1c ./Drivers/STM32F1xx_HAL_Driver/Src/stm32f1xx_hal_cortex.o
                0x000000000800296a                HAL_NVIC_EnableIRQ
 .text.HAL_SYSTICK_Config
                0x0000000008002986       0x18 ./Drivers/STM32F1xx_HAL_Driver/Src/stm32f1xx_hal_cortex.o
                0x0000000008002986                HAL_SYSTICK_Config
 *fill*         0x000000000800299e        0x2 
 .text.HAL_GPIO_Init
                0x00000000080029a0      0x2b4 ./Drivers/STM32F1xx_HAL_Driver/Src/stm32f1xx_hal_gpio.o
                0x00000000080029a0                HAL_GPIO_Init
 .text.HAL_I2C_Init
                0x0000000008002c54      0x250 ./Drivers/STM32F1xx_HAL_Driver/Src/stm32f1xx_hal_i2c.o
                0x0000000008002c54                HAL_I2C_Init
 .text.HAL_PCD_Init
                0x0000000008002ea4      0x1c2 ./Drivers/STM32F1xx_HAL_Driver/Src/stm32f1xx_hal_pcd.o
                0x0000000008002ea4                HAL_PCD_Init
 .text.HAL_PCD_Start
                0x0000000008003066       0x4c ./Drivers/STM32F1xx_HAL_Driver/Src/stm32f1xx_hal_pcd.o
                0x0000000008003066                HAL_PCD_Start
 .text.HAL_PCD_IRQHandler
                0x00000000080030b2      0x21c ./Drivers/STM32F1xx_HAL_Driver/Src/stm32f1xx_hal_pcd.o
                0x00000000080030b2                HAL_PCD_IRQHandler
 .text.HAL_PCD_SetAddress
                0x00000000080032ce       0x4a ./Drivers/STM32F1xx_HAL_Driver/Src/stm32f1xx_hal_pcd.o
                0x00000000080032ce                HAL_PCD_SetAddress
 .text.HAL_PCD_EP_Open
                0x0000000008003318       0xc0 ./Drivers/STM32F1xx_HAL_Driver/Src/stm32f1xx_hal_pcd.o
                0x0000000008003318                HAL_PCD_EP_Open
 .text.HAL_PCD_EP_Close
                0x00000000080033d8       0x84 ./Drivers/STM32F1xx_HAL_Driver/Src/stm32f1xx_hal_pcd.o
                0x00000000080033d8                HAL_PCD_EP_Close
 .text.HAL_PCD_EP_Receive
                0x000000000800345c       0x74 ./Drivers/STM32F1xx_HAL_Driver/Src/stm32f1xx_hal_pcd.o
                0x000000000800345c                HAL_PCD_EP_Receive
 .text.HAL_PCD_EP_GetRxCount
                0x00000000080034d0       0x28 ./Drivers/STM32F1xx_HAL_Driver/Src/stm32f1xx_hal_pcd.o
                0x00000000080034d0                HAL_PCD_EP_GetRxCount
 .text.HAL_PCD_EP_Transmit
                0x00000000080034f8       0x72 ./Drivers/STM32F1xx_HAL_Driver/Src/stm32f1xx_hal_pcd.o
                0x00000000080034f8                HAL_PCD_EP_Transmit
 .text.HAL_PCD_EP_SetStall
                0x000000000800356a       0xb4 ./Drivers/STM32F1xx_HAL_Driver/Src/stm32f1xx_hal_pcd.o
                0x000000000800356a                HAL_PCD_EP_SetStall
 .text.HAL_PCD_EP_ClrStall
                0x000000000800361e       0x9c ./Drivers/STM32F1xx_HAL_Driver/Src/stm32f1xx_hal_pcd.o
                0x000000000800361e                HAL_PCD_EP_ClrStall
 *fill*         0x00000000080036ba        0x2 
 .text.PCD_EP_ISR_Handler
                0x00000000080036bc      0x534 ./Drivers/STM32F1xx_HAL_Driver/Src/stm32f1xx_hal_pcd.o
 .text.HAL_PCDEx_PMAConfig
                0x0000000008003bf0       0x78 ./Drivers/STM32F1xx_HAL_Driver/Src/stm32f1xx_hal_pcd_ex.o
                0x0000000008003bf0                HAL_PCDEx_PMAConfig
 .text.HAL_RCC_OscConfig
                0x0000000008003c68      0x500 ./Drivers/STM32F1xx_HAL_Driver/Src/stm32f1xx_hal_rcc.o
                0x0000000008003c68                HAL_RCC_OscConfig
 .text.HAL_RCC_ClockConfig
                0x0000000008004168      0x1d4 ./Drivers/STM32F1xx_HAL_Driver/Src/stm32f1xx_hal_rcc.o
                0x0000000008004168                HAL_RCC_ClockConfig
 .text.HAL_RCC_GetSysClockFreq
                0x000000000800433c       0xc4 ./Drivers/STM32F1xx_HAL_Driver/Src/stm32f1xx_hal_rcc.o
                0x000000000800433c                HAL_RCC_GetSysClockFreq
 .text.HAL_RCC_GetHCLKFreq
                0x0000000008004400       0x14 ./Drivers/STM32F1xx_HAL_Driver/Src/stm32f1xx_hal_rcc.o
                0x0000000008004400                HAL_RCC_GetHCLKFreq
 .text.HAL_RCC_GetPCLK1Freq
                0x0000000008004414       0x28 ./Drivers/STM32F1xx_HAL_Driver/Src/stm32f1xx_hal_rcc.o
                0x0000000008004414                HAL_RCC_GetPCLK1Freq
 .text.HAL_RCC_GetPCLK2Freq
                0x000000000800443c       0x28 ./Drivers/STM32F1xx_HAL_Driver/Src/stm32f1xx_hal_rcc.o
                0x000000000800443c                HAL_RCC_GetPCLK2Freq
 .text.RCC_Delay
                0x0000000008004464       0x3c ./Drivers/STM32F1xx_HAL_Driver/Src/stm32f1xx_hal_rcc.o
 .text.HAL_RCCEx_PeriphCLKConfig
                0x00000000080044a0      0x16c ./Drivers/STM32F1xx_HAL_Driver/Src/stm32f1xx_hal_rcc_ex.o
                0x00000000080044a0                HAL_RCCEx_PeriphCLKConfig
 .text.HAL_SPI_Init
                0x000000000800460c       0xc2 ./Drivers/STM32F1xx_HAL_Driver/Src/stm32f1xx_hal_spi.o
                0x000000000800460c                HAL_SPI_Init
 .text.HAL_UART_Init
                0x00000000080046ce       0x9a ./Drivers/STM32F1xx_HAL_Driver/Src/stm32f1xx_hal_uart.o
                0x00000000080046ce                HAL_UART_Init
 .text.UART_SetConfig
                0x0000000008004768      0x1b4 ./Drivers/STM32F1xx_HAL_Driver/Src/stm32f1xx_hal_uart.o
 .text.USB_CoreInit
                0x000000000800491c       0x20 ./Drivers/STM32F1xx_HAL_Driver/Src/stm32f1xx_ll_usb.o
                0x000000000800491c                USB_CoreInit
 .text.USB_EnableGlobalInt
                0x000000000800493c       0x2e ./Drivers/STM32F1xx_HAL_Driver/Src/stm32f1xx_ll_usb.o
                0x000000000800493c                USB_EnableGlobalInt
 .text.USB_DisableGlobalInt
                0x000000000800496a       0x38 ./Drivers/STM32F1xx_HAL_Driver/Src/stm32f1xx_ll_usb.o
                0x000000000800496a                USB_DisableGlobalInt
 .text.USB_SetCurrentMode
                0x00000000080049a2       0x18 ./Drivers/STM32F1xx_HAL_Driver/Src/stm32f1xx_ll_usb.o
                0x00000000080049a2                USB_SetCurrentMode
 .text.USB_DevInit
                0x00000000080049ba       0x48 ./Drivers/STM32F1xx_HAL_Driver/Src/stm32f1xx_ll_usb.o
                0x00000000080049ba                USB_DevInit
 *fill*         0x0000000008004a02        0x2 
 .text.USB_ActivateEndpoint
                0x0000000008004a04      0x5dc ./Drivers/STM32F1xx_HAL_Driver/Src/stm32f1xx_ll_usb.o
                0x0000000008004a04                USB_ActivateEndpoint
 .text.USB_DeactivateEndpoint
                0x0000000008004fe0      0x32c ./Drivers/STM32F1xx_HAL_Driver/Src/stm32f1xx_ll_usb.o
                0x0000000008004fe0                USB_DeactivateEndpoint
 .text.USB_EPStartXfer
                0x000000000800530c      0x570 ./Drivers/STM32F1xx_HAL_Driver/Src/stm32f1xx_ll_usb.o
                0x000000000800530c                USB_EPStartXfer
 .text.USB_EPSetStall
                0x000000000800587c       0x84 ./Drivers/STM32F1xx_HAL_Driver/Src/stm32f1xx_ll_usb.o
                0x000000000800587c                USB_EPSetStall
 .text.USB_EPClearStall
                0x0000000008005900      0x128 ./Drivers/STM32F1xx_HAL_Driver/Src/stm32f1xx_ll_usb.o
                0x0000000008005900                USB_EPClearStall
 .text.USB_SetDevAddress
                0x0000000008005a28       0x26 ./Drivers/STM32F1xx_HAL_Driver/Src/stm32f1xx_ll_usb.o
                0x0000000008005a28                USB_SetDevAddress
 .text.USB_DevConnect
                0x0000000008005a4e       0x14 ./Drivers/STM32F1xx_HAL_Driver/Src/stm32f1xx_ll_usb.o
                0x0000000008005a4e                USB_DevConnect
 .text.USB_DevDisconnect
                0x0000000008005a62       0x14 ./Drivers/STM32F1xx_HAL_Driver/Src/stm32f1xx_ll_usb.o
                0x0000000008005a62                USB_DevDisconnect
 .text.USB_ReadInterrupts
                0x0000000008005a76       0x1e ./Drivers/STM32F1xx_HAL_Driver/Src/stm32f1xx_ll_usb.o
                0x0000000008005a76                USB_ReadInterrupts
 .text.USB_EP0_OutStart
                0x0000000008005a94       0x16 ./Drivers/STM32F1xx_HAL_Driver/Src/stm32f1xx_ll_usb.o
                0x0000000008005a94                USB_EP0_OutStart
 .text.USB_WritePMA
                0x0000000008005aaa       0x88 ./Drivers/STM32F1xx_HAL_Driver/Src/stm32f1xx_ll_usb.o
                0x0000000008005aaa                USB_WritePMA
 .text.USB_ReadPMA
                0x0000000008005b32       0x9e ./Drivers/STM32F1xx_HAL_Driver/Src/stm32f1xx_ll_usb.o
                0x0000000008005b32                USB_ReadPMA
 .text.__libc_init_array
                0x0000000008005bd0       0x48 /usr/bin/../lib/gcc/arm-none-eabi/7.3.1/../../../../arm-none-eabi/lib/thumb/v7-m/libg.a(lib_a-init.o)
                0x0000000008005bd0                __libc_init_array
 .text.memset   0x0000000008005c18       0x94 /usr/bin/../lib/gcc/arm-none-eabi/7.3.1/../../../../arm-none-eabi/lib/thumb/v7-m/libg.a(lib_a-memset.o)
                0x0000000008005c18                memset
 .text.startup.register_fini
                0x0000000008005cac       0x14 /usr/bin/../lib/gcc/arm-none-eabi/7.3.1/../../../../arm-none-eabi/lib/thumb/v7-m/libg.a(lib_a-__call_atexit.o)
 .text.atexit   0x0000000008005cc0        0xc /usr/bin/../lib/gcc/arm-none-eabi/7.3.1/../../../../arm-none-eabi/lib/thumb/v7-m/libg.a(lib_a-atexit.o)
                0x0000000008005cc0                atexit
 .text.__libc_fini_array
                0x0000000008005ccc       0x34 /usr/bin/../lib/gcc/arm-none-eabi/7.3.1/../../../../arm-none-eabi/lib/thumb/v7-m/libg.a(lib_a-fini.o)
                0x0000000008005ccc                __libc_fini_array
 .text.__retarget_lock_acquire_recursive
                0x0000000008005d00        0x4 /usr/bin/../lib/gcc/arm-none-eabi/7.3.1/../../../../arm-none-eabi/lib/thumb/v7-m/libg.a(lib_a-lock.o)
                0x0000000008005d00                __retarget_lock_acquire_recursive
 .text.__retarget_lock_release_recursive
                0x0000000008005d04        0x4 /usr/bin/../lib/gcc/arm-none-eabi/7.3.1/../../../../arm-none-eabi/lib/thumb/v7-m/libg.a(lib_a-lock.o)
                0x0000000008005d04                __retarget_lock_release_recursive
 .text.__register_exitproc
                0x0000000008005d08       0xc0 /usr/bin/../lib/gcc/arm-none-eabi/7.3.1/../../../../arm-none-eabi/lib/thumb/v7-m/libg.a(lib_a-__atexit.o)
                0x0000000008005d08                __register_exitproc
 *(.glue_7)
 .glue_7        0x0000000008005dc8        0x0 linker stubs
 *(.glue_7t)
 .glue_7t       0x0000000008005dc8        0x0 linker stubs
 *(.eh_frame)
 .eh_frame      0x0000000008005dc8        0x0 /usr/bin/../lib/gcc/arm-none-eabi/7.3.1/thumb/v7-m/crtbegin.o
 *(.init)
 .init          0x0000000008005dc8        0x4 /usr/bin/../lib/gcc/arm-none-eabi/7.3.1/thumb/v7-m/crti.o
                0x0000000008005dc8                _init
 .init          0x0000000008005dcc        0x8 /usr/bin/../lib/gcc/arm-none-eabi/7.3.1/thumb/v7-m/crtn.o
 *(.fini)
 .fini          0x0000000008005dd4        0x4 /usr/bin/../lib/gcc/arm-none-eabi/7.3.1/thumb/v7-m/crti.o
                0x0000000008005dd4                _fini
 .fini          0x0000000008005dd8        0x8 /usr/bin/../lib/gcc/arm-none-eabi/7.3.1/thumb/v7-m/crtn.o
                0x0000000008005de0                . = ALIGN (0x4)
                0x0000000008005de0                _etext = .

.vfp11_veneer   0x0000000008005de0        0x0
 .vfp11_veneer  0x0000000008005de0        0x0 linker stubs

.v4_bx          0x0000000008005de0        0x0
 .v4_bx         0x0000000008005de0        0x0 linker stubs

.iplt           0x0000000008005de0        0x0
 .iplt          0x0000000008005de0        0x0 /usr/bin/../lib/gcc/arm-none-eabi/7.3.1/thumb/v7-m/crtbegin.o

.rodata         0x0000000008005de0       0x78
                0x0000000008005de0                . = ALIGN (0x4)
 *(.rodata)
 .rodata        0x0000000008005de0       0x46 ./Src/usbd_desc.o
 *fill*         0x0000000008005e26        0x2 
 .rodata        0x0000000008005e28       0x12 ./Drivers/STM32F1xx_HAL_Driver/Src/stm32f1xx_hal_rcc.o
 *(.rodata*)
 *fill*         0x0000000008005e3a        0x2 
 .rodata.AHBPrescTable
                0x0000000008005e3c       0x10 ./Src/system_stm32f1xx.o
                0x0000000008005e3c                AHBPrescTable
 .rodata.APBPrescTable
                0x0000000008005e4c        0x8 ./Src/system_stm32f1xx.o
                0x0000000008005e4c                APBPrescTable
 .rodata._global_impure_ptr
                0x0000000008005e54        0x4 /usr/bin/../lib/gcc/arm-none-eabi/7.3.1/../../../../arm-none-eabi/lib/thumb/v7-m/libg.a(lib_a-impure.o)
                0x0000000008005e54                _global_impure_ptr
                0x0000000008005e58                . = ALIGN (0x4)

.rel.dyn        0x0000000008005e58        0x0
 .rel.iplt      0x0000000008005e58        0x0 /usr/bin/../lib/gcc/arm-none-eabi/7.3.1/thumb/v7-m/crtbegin.o

.ARM.extab      0x0000000008005e58        0x0
                0x0000000008005e58                . = ALIGN (0x4)
 *(.ARM.extab* .gnu.linkonce.armextab.*)
                0x0000000008005e58                . = ALIGN (0x4)

.ARM            0x0000000008005e58        0x0
                0x0000000008005e58                . = ALIGN (0x4)
                0x0000000008005e58                __exidx_start = .
 *(.ARM.exidx*)
                0x0000000008005e58                __exidx_end = .
                0x0000000008005e58                . = ALIGN (0x4)

.preinit_array  0x0000000008005e58        0x0
                0x0000000008005e58                . = ALIGN (0x4)
                0x0000000008005e58                PROVIDE (__preinit_array_start = .)
 *(.preinit_array*)
                0x0000000008005e58                PROVIDE (__preinit_array_end = .)
                0x0000000008005e58                . = ALIGN (0x4)

.init_array     0x0000000008005e58        0x8
                0x0000000008005e58                . = ALIGN (0x4)
                0x0000000008005e58                PROVIDE (__init_array_start = .)
 *(SORT_BY_NAME(.init_array.*))
 .init_array.00000
                0x0000000008005e58        0x4 /usr/bin/../lib/gcc/arm-none-eabi/7.3.1/../../../../arm-none-eabi/lib/thumb/v7-m/libg.a(lib_a-__call_atexit.o)
 *(.init_array*)
 .init_array    0x0000000008005e5c        0x4 /usr/bin/../lib/gcc/arm-none-eabi/7.3.1/thumb/v7-m/crtbegin.o
                0x0000000008005e60                PROVIDE (__init_array_end = .)
                0x0000000008005e60                . = ALIGN (0x4)

.fini_array     0x0000000008005e60        0x4
                0x0000000008005e60                . = ALIGN (0x4)
                0x0000000008005e60                PROVIDE (__fini_array_start = .)
 *(SORT_BY_NAME(.fini_array.*))
 *(.fini_array*)
 .fini_array    0x0000000008005e60        0x4 /usr/bin/../lib/gcc/arm-none-eabi/7.3.1/thumb/v7-m/crtbegin.o
                0x0000000008005e64                PROVIDE (__fini_array_end = .)
                0x0000000008005e64                . = ALIGN (0x4)
                0x0000000008005e64                _sidata = LOADADDR (.data)

.data           0x0000000020000000      0x5ac load address 0x0000000008005e64
                0x0000000020000000                . = ALIGN (0x4)
                0x0000000020000000                _sdata = .
 *(.data)
 *(.data*)
 .data.SystemCoreClock
                0x0000000020000000        0x4 ./Src/system_stm32f1xx.o
                0x0000000020000000                SystemCoreClock
 .data.USBD_Interface_fops_FS
                0x0000000020000004       0x10 ./Src/usbd_cdc_if.o
                0x0000000020000004                USBD_Interface_fops_FS
 .data.FS_Desc  0x0000000020000014       0x1c ./Src/usbd_desc.o
                0x0000000020000014                FS_Desc
 .data.USBD_FS_DeviceDesc
                0x0000000020000030       0x12 ./Src/usbd_desc.o
                0x0000000020000030                USBD_FS_DeviceDesc
 *fill*         0x0000000020000042        0x2 
 .data.USBD_LangIDDesc
                0x0000000020000044        0x4 ./Src/usbd_desc.o
                0x0000000020000044                USBD_LangIDDesc
 .data.USBD_StringSerial
                0x0000000020000048       0x1a ./Src/usbd_desc.o
                0x0000000020000048                USBD_StringSerial
 *fill*         0x0000000020000062        0x2 
 .data.USBD_CDC_DeviceQualifierDesc
                0x0000000020000064        0xa ./Middlewares/ST/STM32_USB_Device_Library/Class/CDC/Src/usbd_cdc.o
 *fill*         0x000000002000006e        0x2 
 .data.USBD_CDC
                0x0000000020000070       0x38 ./Middlewares/ST/STM32_USB_Device_Library/Class/CDC/Src/usbd_cdc.o
                0x0000000020000070                USBD_CDC
 .data.USBD_CDC_CfgHSDesc
                0x00000000200000a8       0x43 ./Middlewares/ST/STM32_USB_Device_Library/Class/CDC/Src/usbd_cdc.o
                0x00000000200000a8                USBD_CDC_CfgHSDesc
 *fill*         0x00000000200000eb        0x1 
 .data.USBD_CDC_CfgFSDesc
                0x00000000200000ec       0x43 ./Middlewares/ST/STM32_USB_Device_Library/Class/CDC/Src/usbd_cdc.o
                0x00000000200000ec                USBD_CDC_CfgFSDesc
 *fill*         0x000000002000012f        0x1 
 .data.USBD_CDC_OtherSpeedCfgDesc
                0x0000000020000130       0x43 ./Middlewares/ST/STM32_USB_Device_Library/Class/CDC/Src/usbd_cdc.o
                0x0000000020000130                USBD_CDC_OtherSpeedCfgDesc
 *fill*         0x0000000020000173        0x1 
 .data.uwTickPrio
                0x0000000020000174        0x4 ./Drivers/STM32F1xx_HAL_Driver/Src/stm32f1xx_hal.o
                0x0000000020000174                uwTickPrio
 .data.uwTickFreq
                0x0000000020000178        0x1 ./Drivers/STM32F1xx_HAL_Driver/Src/stm32f1xx_hal.o
                0x0000000020000178                uwTickFreq
 *fill*         0x0000000020000179        0x7 
 .data.impure_data
                0x0000000020000180      0x428 /usr/bin/../lib/gcc/arm-none-eabi/7.3.1/../../../../arm-none-eabi/lib/thumb/v7-m/libg.a(lib_a-impure.o)
 .data.__atexit_recursive_mutex
                0x00000000200005a8        0x4 /usr/bin/../lib/gcc/arm-none-eabi/7.3.1/../../../../arm-none-eabi/lib/thumb/v7-m/libg.a(lib_a-__call_atexit.o)
                0x00000000200005a8                __atexit_recursive_mutex
                0x00000000200005ac                . = ALIGN (0x4)
                0x00000000200005ac                _edata = .

.igot.plt       0x00000000200005ac        0x0 load address 0x0000000008006410
 .igot.plt      0x00000000200005ac        0x0 /usr/bin/../lib/gcc/arm-none-eabi/7.3.1/thumb/v7-m/crtbegin.o
                0x00000000200005ac                . = ALIGN (0x4)

.bss            0x00000000200005ac     0x1294 load address 0x0000000008006410
                0x00000000200005ac                _sbss = .
                0x00000000200005ac                __bss_start__ = _sbss
 *(.bss)
 .bss           0x00000000200005ac       0x1c /usr/bin/../lib/gcc/arm-none-eabi/7.3.1/thumb/v7-m/crtbegin.o
 *(.bss*)
 .bss.mem.8202  0x00000000200005c8      0x220 ./Src/usbd_conf.o
 .bss.cfgidx.8137
                0x00000000200007e8        0x1 ./Middlewares/ST/STM32_USB_Device_Library/Core/Src/usbd_ctlreq.o
 *(COMMON)
 *fill*         0x00000000200007e9        0x3 
 COMMON         0x00000000200007ec      0x12c ./Src/main.o
                0x00000000200007ec                hi2c1
                0x0000000020000840                huart1
                0x0000000020000880                hspi1
                0x00000000200008d8                huart2
 COMMON         0x0000000020000918      0x2c4 ./Src/usb_device.o
                0x0000000020000918                hUsbDeviceFS
 COMMON         0x0000000020000bdc      0x7d0 ./Src/usbd_cdc_if.o
                0x0000000020000bdc                UserRxBufferFS
                0x0000000020000fc4                UserTxBufferFS
 COMMON         0x00000000200013ac      0x26c ./Src/usbd_conf.o
                0x00000000200013ac                hpcd_USB_FS
 COMMON         0x0000000020001618      0x200 ./Src/usbd_desc.o
                0x0000000020001618                USBD_StrDesc
 COMMON         0x0000000020001818        0x4 ./Drivers/STM32F1xx_HAL_Driver/Src/stm32f1xx_hal.o
                0x0000000020001818                uwTick
 COMMON         0x000000002000181c       0x21 /usr/bin/../lib/gcc/arm-none-eabi/7.3.1/../../../../arm-none-eabi/lib/thumb/v7-m/libg.a(lib_a-lock.o)
                0x000000002000181c                __lock___atexit_recursive_mutex
                0x0000000020001820                __lock___arc4random_mutex
                0x0000000020001824                __lock___env_recursive_mutex
                0x0000000020001828                __lock___sinit_recursive_mutex
                0x000000002000182c                __lock___malloc_recursive_mutex
                0x0000000020001830                __lock___at_quick_exit_mutex
                0x0000000020001834                __lock___dd_hash_mutex
                0x0000000020001838                __lock___tz_mutex
                0x000000002000183c                __lock___sfp_recursive_mutex
                0x0000000020001840                . = ALIGN (0x4)
 *fill*         0x000000002000183d        0x3 
                0x0000000020001840                _ebss = .
                0x0000000020001840                __bss_end__ = _ebss

._user_heap_stack
                0x0000000020001840      0x600 load address 0x0000000008006410
                0x0000000020001840                . = ALIGN (0x8)
                0x0000000020001840                PROVIDE (end = .)
                [!provide]                        PROVIDE (_end = .)
                0x0000000020001a40                . = (. + _Min_Heap_Size)
 *fill*         0x0000000020001840      0x200 
                0x0000000020001e40                . = (. + _Min_Stack_Size)
 *fill*         0x0000000020001a40      0x400 
                0x0000000020001e40                . = ALIGN (0x8)

/DISCARD/
 libc.a(*)
 libm.a(*)
 libgcc.a(*)

.ARM.attributes
                0x0000000000000000       0x29
 *(.ARM.attributes)
 .ARM.attributes
                0x0000000000000000       0x1d /usr/bin/../lib/gcc/arm-none-eabi/7.3.1/thumb/v7-m/crti.o
 .ARM.attributes
                0x000000000000001d       0x2d /usr/bin/../lib/gcc/arm-none-eabi/7.3.1/thumb/v7-m/crtbegin.o
 .ARM.attributes
                0x000000000000004a       0x21 ./Startup/startup_stm32f103c8tx.o
 .ARM.attributes
                0x000000000000006b       0x33 ./Src/main.o
 .ARM.attributes
                0x000000000000009e       0x33 ./Src/stm32f1xx_hal_msp.o
 .ARM.attributes
                0x00000000000000d1       0x33 ./Src/stm32f1xx_it.o
 .ARM.attributes
                0x0000000000000104       0x33 ./Src/system_stm32f1xx.o
 .ARM.attributes
                0x0000000000000137       0x33 ./Src/usb_device.o
 .ARM.attributes
                0x000000000000016a       0x33 ./Src/usbd_cdc_if.o
 .ARM.attributes
                0x000000000000019d       0x33 ./Src/usbd_conf.o
 .ARM.attributes
                0x00000000000001d0       0x33 ./Src/usbd_desc.o
 .ARM.attributes
                0x0000000000000203       0x33 ./Middlewares/ST/STM32_USB_Device_Library/Core/Src/usbd_core.o
 .ARM.attributes
                0x0000000000000236       0x33 ./Middlewares/ST/STM32_USB_Device_Library/Core/Src/usbd_ctlreq.o
 .ARM.attributes
                0x0000000000000269       0x33 ./Middlewares/ST/STM32_USB_Device_Library/Core/Src/usbd_ioreq.o
 .ARM.attributes
                0x000000000000029c       0x33 ./Middlewares/ST/STM32_USB_Device_Library/Class/CDC/Src/usbd_cdc.o
 .ARM.attributes
                0x00000000000002cf       0x33 ./Drivers/STM32F1xx_HAL_Driver/Src/stm32f1xx_hal.o
 .ARM.attributes
                0x0000000000000302       0x33 ./Drivers/STM32F1xx_HAL_Driver/Src/stm32f1xx_hal_cortex.o
 .ARM.attributes
                0x0000000000000335       0x33 ./Drivers/STM32F1xx_HAL_Driver/Src/stm32f1xx_hal_gpio.o
 .ARM.attributes
                0x0000000000000368       0x33 ./Drivers/STM32F1xx_HAL_Driver/Src/stm32f1xx_hal_i2c.o
 .ARM.attributes
                0x000000000000039b       0x33 ./Drivers/STM32F1xx_HAL_Driver/Src/stm32f1xx_hal_pcd.o
 .ARM.attributes
                0x00000000000003ce       0x33 ./Drivers/STM32F1xx_HAL_Driver/Src/stm32f1xx_hal_pcd_ex.o
 .ARM.attributes
                0x0000000000000401       0x33 ./Drivers/STM32F1xx_HAL_Driver/Src/stm32f1xx_hal_rcc.o
 .ARM.attributes
                0x0000000000000434       0x33 ./Drivers/STM32F1xx_HAL_Driver/Src/stm32f1xx_hal_rcc_ex.o
 .ARM.attributes
                0x0000000000000467       0x33 ./Drivers/STM32F1xx_HAL_Driver/Src/stm32f1xx_hal_spi.o
 .ARM.attributes
                0x000000000000049a       0x33 ./Drivers/STM32F1xx_HAL_Driver/Src/stm32f1xx_hal_uart.o
 .ARM.attributes
                0x00000000000004cd       0x33 ./Drivers/STM32F1xx_HAL_Driver/Src/stm32f1xx_ll_usb.o
 .ARM.attributes
                0x0000000000000500       0x2d /usr/bin/../lib/gcc/arm-none-eabi/7.3.1/../../../../arm-none-eabi/lib/thumb/v7-m/libg.a(lib_a-impure.o)
 .ARM.attributes
                0x000000000000052d       0x2d /usr/bin/../lib/gcc/arm-none-eabi/7.3.1/../../../../arm-none-eabi/lib/thumb/v7-m/libg.a(lib_a-init.o)
 .ARM.attributes
                0x000000000000055a       0x2d /usr/bin/../lib/gcc/arm-none-eabi/7.3.1/../../../../arm-none-eabi/lib/thumb/v7-m/libg.a(lib_a-memset.o)
 .ARM.attributes
                0x0000000000000587       0x2d /usr/bin/../lib/gcc/arm-none-eabi/7.3.1/../../../../arm-none-eabi/lib/thumb/v7-m/libg.a(lib_a-__call_atexit.o)
 .ARM.attributes
                0x00000000000005b4       0x2d /usr/bin/../lib/gcc/arm-none-eabi/7.3.1/../../../../arm-none-eabi/lib/thumb/v7-m/libg.a(lib_a-atexit.o)
 .ARM.attributes
                0x00000000000005e1       0x2d /usr/bin/../lib/gcc/arm-none-eabi/7.3.1/../../../../arm-none-eabi/lib/thumb/v7-m/libg.a(lib_a-fini.o)
 .ARM.attributes
                0x000000000000060e       0x2d /usr/bin/../lib/gcc/arm-none-eabi/7.3.1/../../../../arm-none-eabi/lib/thumb/v7-m/libg.a(lib_a-lock.o)
 .ARM.attributes
                0x000000000000063b       0x2d /usr/bin/../lib/gcc/arm-none-eabi/7.3.1/../../../../arm-none-eabi/lib/thumb/v7-m/libg.a(lib_a-__atexit.o)
 .ARM.attributes
                0x0000000000000668       0x1d /usr/bin/../lib/gcc/arm-none-eabi/7.3.1/thumb/v7-m/crtn.o
OUTPUT(gsm.elf elf32-littlearm)

.debug_line     0x0000000000000000     0xca57
 .debug_line    0x0000000000000000       0x81 ./Startup/startup_stm32f103c8tx.o
 .debug_line    0x0000000000000081      0x777 ./Src/main.o
 .debug_line    0x00000000000007f8      0x564 ./Src/stm32f1xx_hal_msp.o
 .debug_line    0x0000000000000d5c      0x572 ./Src/stm32f1xx_it.o
 .debug_line    0x00000000000012ce      0x4ed ./Src/system_stm32f1xx.o
 .debug_line    0x00000000000017bb      0x771 ./Src/usb_device.o
 .debug_line    0x0000000000001f2c      0x7a4 ./Src/usbd_cdc_if.o
 .debug_line    0x00000000000026d0      0x9be ./Src/usbd_conf.o
 .debug_line    0x000000000000308e      0x79c ./Src/usbd_desc.o
 .debug_line    0x000000000000382a      0x90a ./Middlewares/ST/STM32_USB_Device_Library/Core/Src/usbd_core.o
 .debug_line    0x0000000000004134      0x993 ./Middlewares/ST/STM32_USB_Device_Library/Core/Src/usbd_ctlreq.o
 .debug_line    0x0000000000004ac7      0x773 ./Middlewares/ST/STM32_USB_Device_Library/Core/Src/usbd_ioreq.o
 .debug_line    0x000000000000523a      0x8f6 ./Middlewares/ST/STM32_USB_Device_Library/Class/CDC/Src/usbd_cdc.o
 .debug_line    0x0000000000005b30      0x69a ./Drivers/STM32F1xx_HAL_Driver/Src/stm32f1xx_hal.o
 .debug_line    0x00000000000061ca      0x773 ./Drivers/STM32F1xx_HAL_Driver/Src/stm32f1xx_hal_cortex.o
 .debug_line    0x000000000000693d      0x69a ./Drivers/STM32F1xx_HAL_Driver/Src/stm32f1xx_hal_gpio.o
 .debug_line    0x0000000000006fd7     0x195d ./Drivers/STM32F1xx_HAL_Driver/Src/stm32f1xx_hal_i2c.o
 .debug_line    0x0000000000008934      0x98d ./Drivers/STM32F1xx_HAL_Driver/Src/stm32f1xx_hal_pcd.o
 .debug_line    0x00000000000092c1      0x50d ./Drivers/STM32F1xx_HAL_Driver/Src/stm32f1xx_hal_pcd_ex.o
 .debug_line    0x00000000000097ce      0x75c ./Drivers/STM32F1xx_HAL_Driver/Src/stm32f1xx_hal_rcc.o
 .debug_line    0x0000000000009f2a      0x57a ./Drivers/STM32F1xx_HAL_Driver/Src/stm32f1xx_hal_rcc_ex.o
 .debug_line    0x000000000000a4a4      0xe68 ./Drivers/STM32F1xx_HAL_Driver/Src/stm32f1xx_hal_spi.o
 .debug_line    0x000000000000b30c      0xda5 ./Drivers/STM32F1xx_HAL_Driver/Src/stm32f1xx_hal_uart.o
 .debug_line    0x000000000000c0b1      0x9a6 ./Drivers/STM32F1xx_HAL_Driver/Src/stm32f1xx_ll_usb.o

.debug_info     0x0000000000000000    0x15d55
 .debug_info    0x0000000000000000       0x22 ./Startup/startup_stm32f103c8tx.o
 .debug_info    0x0000000000000022     0x15d2 ./Src/main.o
 .debug_info    0x00000000000015f4      0xe4c ./Src/stm32f1xx_hal_msp.o
 .debug_info    0x0000000000002440      0x681 ./Src/stm32f1xx_it.o
 .debug_info    0x0000000000002ac1      0x433 ./Src/system_stm32f1xx.o
 .debug_info    0x0000000000002ef4      0xe7b ./Src/usb_device.o
 .debug_info    0x0000000000003d6f     0x103b ./Src/usbd_cdc_if.o
 .debug_info    0x0000000000004daa     0x1da5 ./Src/usbd_conf.o
 .debug_info    0x0000000000006b4f      0xd17 ./Src/usbd_desc.o
 .debug_info    0x0000000000007866     0x11d2 ./Middlewares/ST/STM32_USB_Device_Library/Core/Src/usbd_core.o
 .debug_info    0x0000000000008a38     0x1142 ./Middlewares/ST/STM32_USB_Device_Library/Core/Src/usbd_ctlreq.o
 .debug_info    0x0000000000009b7a      0xf33 ./Middlewares/ST/STM32_USB_Device_Library/Core/Src/usbd_ioreq.o
 .debug_info    0x000000000000aaad     0x17a1 ./Middlewares/ST/STM32_USB_Device_Library/Class/CDC/Src/usbd_cdc.o
 .debug_info    0x000000000000c24e      0x6fe ./Drivers/STM32F1xx_HAL_Driver/Src/stm32f1xx_hal.o
 .debug_info    0x000000000000c94c      0xb46 ./Drivers/STM32F1xx_HAL_Driver/Src/stm32f1xx_hal_cortex.o
 .debug_info    0x000000000000d492      0x681 ./Drivers/STM32F1xx_HAL_Driver/Src/stm32f1xx_hal_gpio.o
 .debug_info    0x000000000000db13     0x2457 ./Drivers/STM32F1xx_HAL_Driver/Src/stm32f1xx_hal_i2c.o
 .debug_info    0x000000000000ff6a      0xe38 ./Drivers/STM32F1xx_HAL_Driver/Src/stm32f1xx_hal_pcd.o
 .debug_info    0x0000000000010da2      0x760 ./Drivers/STM32F1xx_HAL_Driver/Src/stm32f1xx_hal_pcd_ex.o
 .debug_info    0x0000000000011502      0x804 ./Drivers/STM32F1xx_HAL_Driver/Src/stm32f1xx_hal_rcc.o
 .debug_info    0x0000000000011d06      0x439 ./Drivers/STM32F1xx_HAL_Driver/Src/stm32f1xx_hal_rcc_ex.o
 .debug_info    0x000000000001213f     0x153a ./Drivers/STM32F1xx_HAL_Driver/Src/stm32f1xx_hal_spi.o
 .debug_info    0x0000000000013679     0x11e3 ./Drivers/STM32F1xx_HAL_Driver/Src/stm32f1xx_hal_uart.o
 .debug_info    0x000000000001485c     0x14f9 ./Drivers/STM32F1xx_HAL_Driver/Src/stm32f1xx_ll_usb.o

.debug_abbrev   0x0000000000000000     0x3242
 .debug_abbrev  0x0000000000000000       0x12 ./Startup/startup_stm32f103c8tx.o
 .debug_abbrev  0x0000000000000012      0x295 ./Src/main.o
 .debug_abbrev  0x00000000000002a7      0x1c4 ./Src/stm32f1xx_hal_msp.o
 .debug_abbrev  0x000000000000046b      0x155 ./Src/stm32f1xx_it.o
 .debug_abbrev  0x00000000000005c0      0x134 ./Src/system_stm32f1xx.o
 .debug_abbrev  0x00000000000006f4      0x1e5 ./Src/usb_device.o
 .debug_abbrev  0x00000000000008d9      0x2ac ./Src/usbd_cdc_if.o
 .debug_abbrev  0x0000000000000b85      0x304 ./Src/usbd_conf.o
 .debug_abbrev  0x0000000000000e89      0x2c6 ./Src/usbd_desc.o
 .debug_abbrev  0x000000000000114f      0x297 ./Middlewares/ST/STM32_USB_Device_Library/Core/Src/usbd_core.o
 .debug_abbrev  0x00000000000013e6      0x2c7 ./Middlewares/ST/STM32_USB_Device_Library/Core/Src/usbd_ctlreq.o
 .debug_abbrev  0x00000000000016ad      0x207 ./Middlewares/ST/STM32_USB_Device_Library/Core/Src/usbd_ioreq.o
 .debug_abbrev  0x00000000000018b4      0x2df ./Middlewares/ST/STM32_USB_Device_Library/Class/CDC/Src/usbd_cdc.o
 .debug_abbrev  0x0000000000001b93      0x1d8 ./Drivers/STM32F1xx_HAL_Driver/Src/stm32f1xx_hal.o
 .debug_abbrev  0x0000000000001d6b      0x2d5 ./Drivers/STM32F1xx_HAL_Driver/Src/stm32f1xx_hal_cortex.o
 .debug_abbrev  0x0000000000002040      0x1c0 ./Drivers/STM32F1xx_HAL_Driver/Src/stm32f1xx_hal_gpio.o
 .debug_abbrev  0x0000000000002200      0x258 ./Drivers/STM32F1xx_HAL_Driver/Src/stm32f1xx_hal_i2c.o
 .debug_abbrev  0x0000000000002458      0x263 ./Drivers/STM32F1xx_HAL_Driver/Src/stm32f1xx_hal_pcd.o
 .debug_abbrev  0x00000000000026bb      0x188 ./Drivers/STM32F1xx_HAL_Driver/Src/stm32f1xx_hal_pcd_ex.o
 .debug_abbrev  0x0000000000002843      0x243 ./Drivers/STM32F1xx_HAL_Driver/Src/stm32f1xx_hal_rcc.o
 .debug_abbrev  0x0000000000002a86      0x175 ./Drivers/STM32F1xx_HAL_Driver/Src/stm32f1xx_hal_rcc_ex.o
 .debug_abbrev  0x0000000000002bfb      0x240 ./Drivers/STM32F1xx_HAL_Driver/Src/stm32f1xx_hal_spi.o
 .debug_abbrev  0x0000000000002e3b      0x242 ./Drivers/STM32F1xx_HAL_Driver/Src/stm32f1xx_hal_uart.o
 .debug_abbrev  0x000000000000307d      0x1c5 ./Drivers/STM32F1xx_HAL_Driver/Src/stm32f1xx_ll_usb.o

.debug_aranges  0x0000000000000000     0x10e0
 .debug_aranges
                0x0000000000000000       0x28 ./Startup/startup_stm32f103c8tx.o
 .debug_aranges
                0x0000000000000028       0x58 ./Src/main.o
 .debug_aranges
                0x0000000000000080       0x50 ./Src/stm32f1xx_hal_msp.o
 .debug_aranges
                0x00000000000000d0       0x68 ./Src/stm32f1xx_it.o
 .debug_aranges
                0x0000000000000138       0x28 ./Src/system_stm32f1xx.o
 .debug_aranges
                0x0000000000000160       0x20 ./Src/usb_device.o
 .debug_aranges
                0x0000000000000180       0x40 ./Src/usbd_cdc_if.o
 .debug_aranges
                0x00000000000001c0      0x118 ./Src/usbd_conf.o
 .debug_aranges
                0x00000000000002d8       0x60 ./Src/usbd_desc.o
 .debug_aranges
                0x0000000000000338       0xb8 ./Middlewares/ST/STM32_USB_Device_Library/Core/Src/usbd_core.o
 .debug_aranges
                0x00000000000003f0       0x88 ./Middlewares/ST/STM32_USB_Device_Library/Core/Src/usbd_ctlreq.o
 .debug_aranges
                0x0000000000000478       0x50 ./Middlewares/ST/STM32_USB_Device_Library/Core/Src/usbd_ioreq.o
 .debug_aranges
                0x00000000000004c8       0x90 ./Middlewares/ST/STM32_USB_Device_Library/Class/CDC/Src/usbd_cdc.o
 .debug_aranges
                0x0000000000000558       0xe0 ./Drivers/STM32F1xx_HAL_Driver/Src/stm32f1xx_hal.o
 .debug_aranges
                0x0000000000000638      0x100 ./Drivers/STM32F1xx_HAL_Driver/Src/stm32f1xx_hal_cortex.o
 .debug_aranges
                0x0000000000000738       0x58 ./Drivers/STM32F1xx_HAL_Driver/Src/stm32f1xx_hal_gpio.o
 .debug_aranges
                0x0000000000000790      0x290 ./Drivers/STM32F1xx_HAL_Driver/Src/stm32f1xx_hal_i2c.o
 .debug_aranges
                0x0000000000000a20      0x120 ./Drivers/STM32F1xx_HAL_Driver/Src/stm32f1xx_hal_pcd.o
 .debug_aranges
                0x0000000000000b40       0x38 ./Drivers/STM32F1xx_HAL_Driver/Src/stm32f1xx_hal_pcd_ex.o
 .debug_aranges
                0x0000000000000b78       0x90 ./Drivers/STM32F1xx_HAL_Driver/Src/stm32f1xx_hal_rcc.o
 .debug_aranges
                0x0000000000000c08       0x30 ./Drivers/STM32F1xx_HAL_Driver/Src/stm32f1xx_hal_rcc_ex.o
 .debug_aranges
                0x0000000000000c38      0x1d0 ./Drivers/STM32F1xx_HAL_Driver/Src/stm32f1xx_hal_spi.o
 .debug_aranges
                0x0000000000000e08      0x1d0 ./Drivers/STM32F1xx_HAL_Driver/Src/stm32f1xx_hal_uart.o
 .debug_aranges
                0x0000000000000fd8      0x108 ./Drivers/STM32F1xx_HAL_Driver/Src/stm32f1xx_ll_usb.o

.debug_str      0x0000000000000000    0x730e6
 .debug_str     0x0000000000000000       0x63 ./Startup/startup_stm32f103c8tx.o
 .debug_str     0x0000000000000063    0x6ecdc ./Src/main.o
                                      0x6f0fe (size before relaxing)
 .debug_str     0x000000000006ed3f      0x10a ./Src/stm32f1xx_hal_msp.o
                                      0x6a777 (size before relaxing)
 .debug_str     0x000000000006ee49      0x390 ./Src/stm32f1xx_it.o
                                      0x6a2a2 (size before relaxing)
 .debug_str     0x000000000006f1d9       0xbd ./Src/system_stm32f1xx.o
                                      0x69f7f (size before relaxing)
 .debug_str     0x000000000006f296      0x73b ./Src/usb_device.o
                                      0x6eed3 (size before relaxing)
 .debug_str     0x000000000006f9d1      0x109 ./Src/usbd_cdc_if.o
                                      0x6ef37 (size before relaxing)
 .debug_str     0x000000000006fada      0x55f ./Src/usbd_conf.o
                                      0x6f799 (size before relaxing)
 .debug_str     0x0000000000070039      0x24d ./Src/usbd_desc.o
                                      0x6eb03 (size before relaxing)
 .debug_str     0x0000000000070286      0x1b0 ./Middlewares/ST/STM32_USB_Device_Library/Core/Src/usbd_core.o
                                      0x6ec95 (size before relaxing)
 .debug_str     0x0000000000070436      0x126 ./Middlewares/ST/STM32_USB_Device_Library/Core/Src/usbd_ctlreq.o
                                      0x6ec1b (size before relaxing)
 .debug_str     0x000000000007055c       0xc9 ./Middlewares/ST/STM32_USB_Device_Library/Core/Src/usbd_ioreq.o
                                      0x6eba3 (size before relaxing)
 .debug_str     0x0000000000070625      0x206 ./Middlewares/ST/STM32_USB_Device_Library/Class/CDC/Src/usbd_cdc.o
                                      0x6f381 (size before relaxing)
 .debug_str     0x000000000007082b      0x3a9 ./Drivers/STM32F1xx_HAL_Driver/Src/stm32f1xx_hal.o
                                      0x6a595 (size before relaxing)
 .debug_str     0x0000000000070bd4      0x2a0 ./Drivers/STM32F1xx_HAL_Driver/Src/stm32f1xx_hal_cortex.o
                                      0x6a5a3 (size before relaxing)
 .debug_str     0x0000000000070e74      0x340 ./Drivers/STM32F1xx_HAL_Driver/Src/stm32f1xx_hal_gpio.o
                                      0x6a2ce (size before relaxing)
 .debug_str     0x00000000000711b4      0xb55 ./Drivers/STM32F1xx_HAL_Driver/Src/stm32f1xx_hal_i2c.o
                                      0x6aefa (size before relaxing)
 .debug_str     0x0000000000071d09      0x24a ./Drivers/STM32F1xx_HAL_Driver/Src/stm32f1xx_hal_pcd.o
                                      0x6a5b5 (size before relaxing)
 .debug_str     0x0000000000071f53      0x170 ./Drivers/STM32F1xx_HAL_Driver/Src/stm32f1xx_hal_pcd_ex.o
                                      0x6a391 (size before relaxing)
 .debug_str     0x00000000000720c3      0x258 ./Drivers/STM32F1xx_HAL_Driver/Src/stm32f1xx_hal_rcc.o
                                      0x6a307 (size before relaxing)
 .debug_str     0x000000000007231b       0xb9 ./Drivers/STM32F1xx_HAL_Driver/Src/stm32f1xx_hal_rcc_ex.o
                                      0x6a094 (size before relaxing)
 .debug_str     0x00000000000723d4      0x514 ./Drivers/STM32F1xx_HAL_Driver/Src/stm32f1xx_hal_spi.o
                                      0x6a7f5 (size before relaxing)
 .debug_str     0x00000000000728e8      0x50d ./Drivers/STM32F1xx_HAL_Driver/Src/stm32f1xx_hal_uart.o
                                      0x6a7f6 (size before relaxing)
 .debug_str     0x0000000000072df5      0x2f1 ./Drivers/STM32F1xx_HAL_Driver/Src/stm32f1xx_ll_usb.o
                                      0x6a3fb (size before relaxing)

.debug_ranges   0x0000000000000000      0xf88
 .debug_ranges  0x0000000000000000       0x20 ./Startup/startup_stm32f103c8tx.o
 .debug_ranges  0x0000000000000020       0x48 ./Src/main.o
 .debug_ranges  0x0000000000000068       0x40 ./Src/stm32f1xx_hal_msp.o
 .debug_ranges  0x00000000000000a8       0x58 ./Src/stm32f1xx_it.o
 .debug_ranges  0x0000000000000100       0x18 ./Src/system_stm32f1xx.o
 .debug_ranges  0x0000000000000118       0x10 ./Src/usb_device.o
 .debug_ranges  0x0000000000000128       0x30 ./Src/usbd_cdc_if.o
 .debug_ranges  0x0000000000000158      0x108 ./Src/usbd_conf.o
 .debug_ranges  0x0000000000000260       0x50 ./Src/usbd_desc.o
 .debug_ranges  0x00000000000002b0       0xa8 ./Middlewares/ST/STM32_USB_Device_Library/Core/Src/usbd_core.o
 .debug_ranges  0x0000000000000358       0x78 ./Middlewares/ST/STM32_USB_Device_Library/Core/Src/usbd_ctlreq.o
 .debug_ranges  0x00000000000003d0       0x40 ./Middlewares/ST/STM32_USB_Device_Library/Core/Src/usbd_ioreq.o
 .debug_ranges  0x0000000000000410       0x80 ./Middlewares/ST/STM32_USB_Device_Library/Class/CDC/Src/usbd_cdc.o
 .debug_ranges  0x0000000000000490       0xd0 ./Drivers/STM32F1xx_HAL_Driver/Src/stm32f1xx_hal.o
 .debug_ranges  0x0000000000000560       0xf0 ./Drivers/STM32F1xx_HAL_Driver/Src/stm32f1xx_hal_cortex.o
 .debug_ranges  0x0000000000000650       0x48 ./Drivers/STM32F1xx_HAL_Driver/Src/stm32f1xx_hal_gpio.o
 .debug_ranges  0x0000000000000698      0x2a0 ./Drivers/STM32F1xx_HAL_Driver/Src/stm32f1xx_hal_i2c.o
 .debug_ranges  0x0000000000000938      0x110 ./Drivers/STM32F1xx_HAL_Driver/Src/stm32f1xx_hal_pcd.o
 .debug_ranges  0x0000000000000a48       0x28 ./Drivers/STM32F1xx_HAL_Driver/Src/stm32f1xx_hal_pcd_ex.o
 .debug_ranges  0x0000000000000a70       0x80 ./Drivers/STM32F1xx_HAL_Driver/Src/stm32f1xx_hal_rcc.o
 .debug_ranges  0x0000000000000af0       0x20 ./Drivers/STM32F1xx_HAL_Driver/Src/stm32f1xx_hal_rcc_ex.o
 .debug_ranges  0x0000000000000b10      0x1c0 ./Drivers/STM32F1xx_HAL_Driver/Src/stm32f1xx_hal_spi.o
 .debug_ranges  0x0000000000000cd0      0x1c0 ./Drivers/STM32F1xx_HAL_Driver/Src/stm32f1xx_hal_uart.o
 .debug_ranges  0x0000000000000e90       0xf8 ./Drivers/STM32F1xx_HAL_Driver/Src/stm32f1xx_ll_usb.o

.debug_macro    0x0000000000000000    0x16eea
 .debug_macro   0x0000000000000000      0x3a8 ./Src/main.o
 .debug_macro   0x00000000000003a8      0xa54 ./Src/main.o
 .debug_macro   0x0000000000000dfc      0x227 ./Src/main.o
 .debug_macro   0x0000000000001023       0x2e ./Src/main.o
 .debug_macro   0x0000000000001051       0x22 ./Src/main.o
 .debug_macro   0x0000000000001073       0x22 ./Src/main.o
 .debug_macro   0x0000000000001095       0x8e ./Src/main.o
 .debug_macro   0x0000000000001123       0x51 ./Src/main.o
 .debug_macro   0x0000000000001174       0xef ./Src/main.o
 .debug_macro   0x0000000000001263       0x6a ./Src/main.o
 .debug_macro   0x00000000000012cd      0x1df ./Src/main.o
 .debug_macro   0x00000000000014ac       0x1c ./Src/main.o
 .debug_macro   0x00000000000014c8       0x22 ./Src/main.o
 .debug_macro   0x00000000000014ea       0xc3 ./Src/main.o
 .debug_macro   0x00000000000015ad      0xd23 ./Src/main.o
 .debug_macro   0x00000000000022d0     0xe09e ./Src/main.o
 .debug_macro   0x000000000001036e       0x43 ./Src/main.o
 .debug_macro   0x00000000000103b1      0x174 ./Src/main.o
 .debug_macro   0x0000000000010525       0x5a ./Src/main.o
 .debug_macro   0x000000000001057f      0x5be ./Src/main.o
 .debug_macro   0x0000000000010b3d      0x289 ./Src/main.o
 .debug_macro   0x0000000000010dc6      0x1cb ./Src/main.o
 .debug_macro   0x0000000000010f91      0x114 ./Src/main.o
 .debug_macro   0x00000000000110a5      0x1b2 ./Src/main.o
 .debug_macro   0x0000000000011257       0x27 ./Src/main.o
 .debug_macro   0x000000000001127e      0x136 ./Src/main.o
 .debug_macro   0x00000000000113b4      0x1bc ./Src/main.o
 .debug_macro   0x0000000000011570       0x34 ./Src/main.o
 .debug_macro   0x00000000000115a4       0x3c ./Src/main.o
 .debug_macro   0x00000000000115e0       0x57 ./Src/main.o
 .debug_macro   0x0000000000011637       0x88 ./Src/main.o
 .debug_macro   0x00000000000116bf      0x241 ./Src/main.o
 .debug_macro   0x0000000000011900      0x280 ./Src/main.o
 .debug_macro   0x0000000000011b80      0x141 ./Src/main.o
 .debug_macro   0x0000000000011cc1      0x217 ./Src/main.o
 .debug_macro   0x0000000000011ed8      0x26b ./Src/main.o
 .debug_macro   0x0000000000012143       0x65 ./Src/main.o
 .debug_macro   0x00000000000121a8      0x249 ./Src/main.o
 .debug_macro   0x00000000000123f1       0x83 ./Src/main.o
 .debug_macro   0x0000000000012474       0x5e ./Src/main.o
 .debug_macro   0x00000000000124d2       0x18 ./Src/main.o
 .debug_macro   0x00000000000124ea       0x35 ./Src/main.o
 .debug_macro   0x000000000001251f       0x34 ./Src/main.o
 .debug_macro   0x0000000000012553       0x16 ./Src/main.o
 .debug_macro   0x0000000000012569       0x35 ./Src/main.o
 .debug_macro   0x000000000001259e      0x32a ./Src/main.o
 .debug_macro   0x00000000000128c8       0x10 ./Src/main.o
 .debug_macro   0x00000000000128d8       0x58 ./Src/main.o
 .debug_macro   0x0000000000012930       0x1f ./Src/main.o
 .debug_macro   0x000000000001294f       0x43 ./Src/main.o
 .debug_macro   0x0000000000012992       0x20 ./Src/main.o
 .debug_macro   0x00000000000129b2      0x18e ./Src/main.o
 .debug_macro   0x0000000000012b40       0x10 ./Src/main.o
 .debug_macro   0x0000000000012b50       0x1c ./Src/main.o
 .debug_macro   0x0000000000012b6c       0x52 ./Src/main.o
 .debug_macro   0x0000000000012bbe       0x40 ./Src/main.o
 .debug_macro   0x0000000000012bfe       0x10 ./Src/main.o
 .debug_macro   0x0000000000012c0e       0x40 ./Src/main.o
 .debug_macro   0x0000000000012c4e       0xd7 ./Src/main.o
 .debug_macro   0x0000000000012d25       0x1c ./Src/main.o
 .debug_macro   0x0000000000012d41       0x3d ./Src/main.o
 .debug_macro   0x0000000000012d7e       0x16 ./Src/main.o
 .debug_macro   0x0000000000012d94      0x16f ./Src/main.o
 .debug_macro   0x0000000000012f03       0x16 ./Src/main.o
 .debug_macro   0x0000000000012f19       0x16 ./Src/main.o
 .debug_macro   0x0000000000012f2f       0x29 ./Src/main.o
 .debug_macro   0x0000000000012f58       0x16 ./Src/main.o
 .debug_macro   0x0000000000012f6e       0x60 ./Src/main.o
 .debug_macro   0x0000000000012fce      0x1c8 ./Src/main.o
 .debug_macro   0x0000000000013196      0x1c7 ./Src/stm32f1xx_hal_msp.o
 .debug_macro   0x000000000001335d      0x1d1 ./Src/stm32f1xx_it.o
 .debug_macro   0x000000000001352e      0x1c3 ./Src/system_stm32f1xx.o
 .debug_macro   0x00000000000136f1      0x3f6 ./Src/usb_device.o
 .debug_macro   0x0000000000013ae7       0x22 ./Src/usb_device.o
 .debug_macro   0x0000000000013b09       0x8f ./Src/usb_device.o
 .debug_macro   0x0000000000013b98      0x3e1 ./Src/usbd_cdc_if.o
 .debug_macro   0x0000000000013f79       0x97 ./Src/usbd_cdc_if.o
 .debug_macro   0x0000000000014010       0xfd ./Src/usbd_cdc_if.o
 .debug_macro   0x000000000001410d       0xbd ./Src/usbd_cdc_if.o
 .debug_macro   0x00000000000141ca       0x54 ./Src/usbd_cdc_if.o
 .debug_macro   0x000000000001421e      0x3d9 ./Src/usbd_conf.o
 .debug_macro   0x00000000000145f7      0x3f3 ./Src/usbd_desc.o
 .debug_macro   0x00000000000149ea      0x1ce ./Src/usbd_desc.o
 .debug_macro   0x0000000000014bb8       0x1c ./Src/usbd_desc.o
 .debug_macro   0x0000000000014bd4      0x3b6 ./Middlewares/ST/STM32_USB_Device_Library/Core/Src/usbd_core.o
 .debug_macro   0x0000000000014f8a      0x3c0 ./Middlewares/ST/STM32_USB_Device_Library/Core/Src/usbd_ctlreq.o
 .debug_macro   0x000000000001534a      0x3bc ./Middlewares/ST/STM32_USB_Device_Library/Core/Src/usbd_ioreq.o
 .debug_macro   0x0000000000015706      0x3cf ./Middlewares/ST/STM32_USB_Device_Library/Class/CDC/Src/usbd_cdc.o
 .debug_macro   0x0000000000015ad5      0x1e1 ./Drivers/STM32F1xx_HAL_Driver/Src/stm32f1xx_hal.o
 .debug_macro   0x0000000000015cb6      0x1bd ./Drivers/STM32F1xx_HAL_Driver/Src/stm32f1xx_hal_cortex.o
 .debug_macro   0x0000000000015e73      0x228 ./Drivers/STM32F1xx_HAL_Driver/Src/stm32f1xx_hal_gpio.o
 .debug_macro   0x000000000001609b      0x1fd ./Drivers/STM32F1xx_HAL_Driver/Src/stm32f1xx_hal_i2c.o
 .debug_macro   0x0000000000016298      0x1c9 ./Drivers/STM32F1xx_HAL_Driver/Src/stm32f1xx_hal_pcd.o
 .debug_macro   0x0000000000016461      0x1bd ./Drivers/STM32F1xx_HAL_Driver/Src/stm32f1xx_hal_pcd_ex.o
 .debug_macro   0x000000000001661e      0x1cf ./Drivers/STM32F1xx_HAL_Driver/Src/stm32f1xx_hal_rcc.o
 .debug_macro   0x00000000000167ed      0x1bd ./Drivers/STM32F1xx_HAL_Driver/Src/stm32f1xx_hal_rcc_ex.o
 .debug_macro   0x00000000000169aa      0x1c5 ./Drivers/STM32F1xx_HAL_Driver/Src/stm32f1xx_hal_spi.o
 .debug_macro   0x0000000000016b6f      0x1be ./Drivers/STM32F1xx_HAL_Driver/Src/stm32f1xx_hal_uart.o
 .debug_macro   0x0000000000016d2d      0x1bd ./Drivers/STM32F1xx_HAL_Driver/Src/stm32f1xx_ll_usb.o

.comment        0x0000000000000000       0x7f
 .comment       0x0000000000000000       0x7f ./Src/main.o
                                         0x80 (size before relaxing)
 .comment       0x000000000000007f       0x80 ./Src/stm32f1xx_hal_msp.o
 .comment       0x000000000000007f       0x80 ./Src/stm32f1xx_it.o
 .comment       0x000000000000007f       0x80 ./Src/system_stm32f1xx.o
 .comment       0x000000000000007f       0x80 ./Src/usb_device.o
 .comment       0x000000000000007f       0x80 ./Src/usbd_cdc_if.o
 .comment       0x000000000000007f       0x80 ./Src/usbd_conf.o
 .comment       0x000000000000007f       0x80 ./Src/usbd_desc.o
 .comment       0x000000000000007f       0x80 ./Middlewares/ST/STM32_USB_Device_Library/Core/Src/usbd_core.o
 .comment       0x000000000000007f       0x80 ./Middlewares/ST/STM32_USB_Device_Library/Core/Src/usbd_ctlreq.o
 .comment       0x000000000000007f       0x80 ./Middlewares/ST/STM32_USB_Device_Library/Core/Src/usbd_ioreq.o
 .comment       0x000000000000007f       0x80 ./Middlewares/ST/STM32_USB_Device_Library/Class/CDC/Src/usbd_cdc.o
 .comment       0x000000000000007f       0x80 ./Drivers/STM32F1xx_HAL_Driver/Src/stm32f1xx_hal.o
 .comment       0x000000000000007f       0x80 ./Drivers/STM32F1xx_HAL_Driver/Src/stm32f1xx_hal_cortex.o
 .comment       0x000000000000007f       0x80 ./Drivers/STM32F1xx_HAL_Driver/Src/stm32f1xx_hal_gpio.o
 .comment       0x000000000000007f       0x80 ./Drivers/STM32F1xx_HAL_Driver/Src/stm32f1xx_hal_i2c.o
 .comment       0x000000000000007f       0x80 ./Drivers/STM32F1xx_HAL_Driver/Src/stm32f1xx_hal_pcd.o
 .comment       0x000000000000007f       0x80 ./Drivers/STM32F1xx_HAL_Driver/Src/stm32f1xx_hal_pcd_ex.o
 .comment       0x000000000000007f       0x80 ./Drivers/STM32F1xx_HAL_Driver/Src/stm32f1xx_hal_rcc.o
 .comment       0x000000000000007f       0x80 ./Drivers/STM32F1xx_HAL_Driver/Src/stm32f1xx_hal_rcc_ex.o
 .comment       0x000000000000007f       0x80 ./Drivers/STM32F1xx_HAL_Driver/Src/stm32f1xx_hal_spi.o
 .comment       0x000000000000007f       0x80 ./Drivers/STM32F1xx_HAL_Driver/Src/stm32f1xx_hal_uart.o
 .comment       0x000000000000007f       0x80 ./Drivers/STM32F1xx_HAL_Driver/Src/stm32f1xx_ll_usb.o

.debug_frame    0x0000000000000000     0x4718
 .debug_frame   0x0000000000000000      0x108 ./Src/main.o
 .debug_frame   0x0000000000000108      0x110 ./Src/stm32f1xx_hal_msp.o
 .debug_frame   0x0000000000000218      0x128 ./Src/stm32f1xx_it.o
 .debug_frame   0x0000000000000340       0x58 ./Src/system_stm32f1xx.o
 .debug_frame   0x0000000000000398       0x2c ./Src/usb_device.o
 .debug_frame   0x00000000000003c4       0xbc ./Src/usbd_cdc_if.o
 .debug_frame   0x0000000000000480      0x4a4 ./Src/usbd_conf.o
 .debug_frame   0x0000000000000924      0x160 ./Src/usbd_desc.o
 .debug_frame   0x0000000000000a84      0x300 ./Middlewares/ST/STM32_USB_Device_Library/Core/Src/usbd_core.o
 .debug_frame   0x0000000000000d84      0x218 ./Middlewares/ST/STM32_USB_Device_Library/Core/Src/usbd_ctlreq.o
 .debug_frame   0x0000000000000f9c      0x10c ./Middlewares/ST/STM32_USB_Device_Library/Core/Src/usbd_ioreq.o
 .debug_frame   0x00000000000010a8      0x248 ./Middlewares/ST/STM32_USB_Device_Library/Class/CDC/Src/usbd_cdc.o
 .debug_frame   0x00000000000012f0      0x334 ./Drivers/STM32F1xx_HAL_Driver/Src/stm32f1xx_hal.o
 .debug_frame   0x0000000000001624      0x428 ./Drivers/STM32F1xx_HAL_Driver/Src/stm32f1xx_hal_cortex.o
 .debug_frame   0x0000000000001a4c      0x14c ./Drivers/STM32F1xx_HAL_Driver/Src/stm32f1xx_hal_gpio.o
 .debug_frame   0x0000000000001b98      0xc08 ./Drivers/STM32F1xx_HAL_Driver/Src/stm32f1xx_hal_i2c.o
 .debug_frame   0x00000000000027a0      0x500 ./Drivers/STM32F1xx_HAL_Driver/Src/stm32f1xx_hal_pcd.o
 .debug_frame   0x0000000000002ca0       0xb0 ./Drivers/STM32F1xx_HAL_Driver/Src/stm32f1xx_hal_pcd_ex.o
 .debug_frame   0x0000000000002d50      0x21c ./Drivers/STM32F1xx_HAL_Driver/Src/stm32f1xx_hal_rcc.o
 .debug_frame   0x0000000000002f6c       0x84 ./Drivers/STM32F1xx_HAL_Driver/Src/stm32f1xx_hal_rcc_ex.o
 .debug_frame   0x0000000000002ff0      0x824 ./Drivers/STM32F1xx_HAL_Driver/Src/stm32f1xx_hal_spi.o
 .debug_frame   0x0000000000003814      0x834 ./Drivers/STM32F1xx_HAL_Driver/Src/stm32f1xx_hal_uart.o
 .debug_frame   0x0000000000004048      0x4d8 ./Drivers/STM32F1xx_HAL_Driver/Src/stm32f1xx_ll_usb.o
 .debug_frame   0x0000000000004520       0x2c /usr/bin/../lib/gcc/arm-none-eabi/7.3.1/../../../../arm-none-eabi/lib/thumb/v7-m/libg.a(lib_a-init.o)
 .debug_frame   0x000000000000454c       0x38 /usr/bin/../lib/gcc/arm-none-eabi/7.3.1/../../../../arm-none-eabi/lib/thumb/v7-m/libg.a(lib_a-memset.o)
 .debug_frame   0x0000000000004584       0x5c /usr/bin/../lib/gcc/arm-none-eabi/7.3.1/../../../../arm-none-eabi/lib/thumb/v7-m/libg.a(lib_a-__call_atexit.o)
 .debug_frame   0x00000000000045e0       0x20 /usr/bin/../lib/gcc/arm-none-eabi/7.3.1/../../../../arm-none-eabi/lib/thumb/v7-m/libg.a(lib_a-atexit.o)
 .debug_frame   0x0000000000004600       0x34 /usr/bin/../lib/gcc/arm-none-eabi/7.3.1/../../../../arm-none-eabi/lib/thumb/v7-m/libg.a(lib_a-fini.o)
 .debug_frame   0x0000000000004634       0xb0 /usr/bin/../lib/gcc/arm-none-eabi/7.3.1/../../../../arm-none-eabi/lib/thumb/v7-m/libg.a(lib_a-lock.o)
 .debug_frame   0x00000000000046e4       0x34 /usr/bin/../lib/gcc/arm-none-eabi/7.3.1/../../../../arm-none-eabi/lib/thumb/v7-m/libg.a(lib_a-__atexit.o)
